{"node": "seed41032", "at": "2026-09-24T07:19:40.986949+00:00", "running": true}
{"node": "seed41032", "at": "2026-09-24T07:20:42.335572+00:00", "running": true}
{"node": "seed41032", "at": "2026-09-24T07:21:43.761175+00:00", "running": true}
{"node": "seed41032", "at": "2026-09-24T07:22:45.188244+00:00", "running": true}
{"node": "seed41032", "at": "2026-09-24T07:23:46.594096+00:00", "running": true}
{"node": "seed41032", "at": "2026-09-24T07:24:48.919866+00:00", "running": true}
{"node": "seed41032", "at": "2026-09-24T07:25:51.193166+00:00", "running": true}
{"node": "seed41032", "at": "2026-09-24T07:26:53.519094+00:00", "running": true}
{"node": "seed41032", "at": "2026-09-24T07:27:55.847663+00:00", "running": true}
{"node": "seed41032", "at": "2026-09-24T07:28:59.274819+00:00", "running": true}
{"node": "seed41032", "at": "2026-09-24T07:30:01.567604+00:00", "running": true}
{"node": "seed41032", "at": "2026-09-24T07:31:03.973549+00:00", "running": true}
{"node": "seed41032", "at": "2026-09-24T07:32:06.299057+00:00", "running": true}
{"node": "seed41032", "at": "2026-09-24T07:33:08.617242+00:00", "running": true}
{"node": "seed41032", "at": "2026-09-24T07:34:10.976924+00:00", "running": true}
{"node": "seed41032", "at": "2026-09-24T07:35:13.379765+00:00", "running": true}
{"node": "seed41032", "at": "2026-09-24T07:36:15.826454+00:00", "running": true}
{"node": "seed41032", "at": "2026-09-24T07:37:18.359827+00:00", "running": true}
{"node": "seed41032", "at": "2026-09-24T07:38:20.826785+00:00", "running": true}
{"node": "seed41032", "at": "2026-09-24T07:39:23.155834+00:00", "running": true}
{"node": "seed41032", "at": "2026-09-24T07:40:25.569559+00:00", "running": true}
{"node": "seed41032", "at": "2026-09-24T07:41:28.184973+00:00", "running": true}
{"node": "seed41032", "at": "2026-09-24T07:42:30.576705+00:00", "running": true}
{"node": "seed41032", "at": "2026-09-24T07:43:33.037888+00:00", "running": true}
{"node": "seed41032", "at": "2026-09-24T07:44:35.498109+00:00", "running": true}
{"node": "seed41032", "at": "2026-09-24T07:45:37.964307+00:00", "running": true}
{"node": "seed41032", "at": "2026-09-24T07:46:40.394966+00:00", "running": true}
{"node": "seed41032", "at": "2026-09-24T07:47:42.793985+00:00", "running": true}
{"node": "seed41032", "at": "2026-09-24T07:48:45.229975+00:00", "running": true}
{"node": "seed41032", "at": "2026-09-24T07:49:47.861516+00:00", "running": true}
{"node": "seed41032", "at": "2026-09-24T07:50:50.451654+00:00", "running": true}
{"node": "seed41032", "at": "2026-09-24T07:51:52.969684+00:00", "running": true}
{"node": "seed41032", "at": "2026-09-24T07:52:55.471910+00:00", "running": true}
{"node": "seed41032", "at": "2026-09-24T07:53:58.112722+00:00", "running": true}
{"node": "seed41032", "at": "2026-09-24T07:55:00.662777+00:00", "running": true}
{"node": "seed41032", "at": "2026-09-24T07:56:03.153575+00:00", "running": true}
{"node": "seed41032", "at": "2026-09-24T07:57:05.713074+00:00", "running": true}
{"node": "seed41032", "at": "2026-09-24T07:58:08.342480+00:00", "running": true}
{"node": "seed41032", "at": "2026-09-24T07:59:10.867706+00:00", "running": true}
{"node": "seed41032", "at": "2026-09-24T08:00:13.386247+00:00", "running": true}
{"node": "seed41032", "at": "2026-09-24T08:01:16.096692+00:00", "running": true}
{"node": "seed41032", "at": "2026-09-24T08:02:18.834192+00:00", "running": true}
{"node": "seed41032", "at": "2026-09-24T08:03:21.459795+00:00", "running": true}
{"node": "seed41032", "at": "2026-09-24T08:04:23.974559+00:00", "running": true}
{"node": "seed41032", "at": "2026-09-24T08:05:26.660534+00:00", "running": true}
{"node": "seed41032", "at": "2026-09-24T08:06:29.297556+00:00", "running": true}
{"node": "seed41032", "at": "2026-09-24T08:07:31.867518+00:00", "running": true}
{"node": "seed41032", "at": "2026-09-24T08:08:34.475061+00:00", "running": true}
{"node": "seed41032", "at": "2026-09-24T08:09:37.105806+00:00", "running": true}
{"node": "seed41032", "at": "2026-09-24T08:10:39.713571+00:00", "running": true}
{"node": "seed41032", "at": "2026-09-24T08:11:42.265671+00:00", "running": true}
{"node": "seed41032", "at": "2026-09-24T08:12:44.774255+00:00", "running": true}
{"node": "seed41032", "at": "2026-09-24T08:13:47.456902+00:00", "running": true}
{"node": "seed41032", "at": "2026-09-24T08:14:53.282297+00:00", "running": true}
{"node": "seed41032", "at": "2026-09-24T08:15:55.990133+00:00", "running": true}
{"node": "seed41032", "at": "2026-09-24T08:16:58.626629+00:00", "running": true}
{"node": "seed41032", "at": "2026-09-24T08:18:01.238932+00:00", "running": true}
{"node": "seed41032", "at": "2026-09-24T08:19:03.814872+00:00", "running": true}
{"node": "seed41032", "at": "2026-09-24T08:20:06.399594+00:00", "running": true}
{"node": "seed41032", "at": "2026-09-24T08:21:09.070019+00:00", "running": true}
{"node": "seed41032", "at": "2026-09-24T08:22:11.732341+00:00", "running": true}
{"node": "seed41032", "at": "2026-09-24T08:23:14.314407+00:00", "running": true}
{"node": "seed41032", "at": "2026-09-24T08:24:17.003337+00:00", "running": true}
{"node": "seed41032", "at": "2026-09-24T08:25:19.587084+00:00", "running": true}
{"node": "seed41032", "at": "2026-09-24T08:26:22.206001+00:00", "running": true}
{"node": "seed41032", "at": "2026-09-24T08:27:25.206766+00:00", "running": true}
{"node": "seed41032", "at": "2026-09-24T08:28:28.111560+00:00", "running": true}
{"node": "seed41032", "at": "2026-09-24T08:29:30.783848+00:00", "running": true}
{"node": "seed41032", "at": "2026-09-24T08:30:33.442892+00:00", "running": true}
{"node": "seed41032", "at": "2026-09-24T08:31:36.073055+00:00", "running": true}
{"node": "seed41032", "at": "2026-09-24T08:32:38.651789+00:00", "running": true}
{"node": "seed41032", "at": "2026-09-24T08:33:41.243987+00:00", "running": true}
{"node": "seed41032", "at": "2026-09-24T08:34:43.879000+00:00", "running": true}
{"node": "seed41032", "at": "2026-09-24T08:35:46.476811+00:00", "running": true}
{"node": "seed41032", "at": "2026-09-24T08:36:49.222617+00:00", "running": true}
{"node": "seed41032", "at": "2026-09-24T08:37:52.203424+00:00", "running": true}
{"node": "seed41032", "at": "2026-09-24T08:38:54.864756+00:00", "running": true}
{"node": "seed41032", "at": "2026-09-24T08:39:57.582349+00:00", "running": true}
{"node": "seed41032", "at": "2026-09-24T08:41:00.336755+00:00", "running": true}
{"node": "seed41032", "at": "2026-09-24T08:42:03.049595+00:00", "running": true}
{"node": "seed41032", "at": "2026-09-24T08:43:05.653029+00:00", "running": true}
{"node": "seed41032", "at": "2026-09-24T08:44:08.480087+00:00", "running": true}
{"node": "seed41032", "at": "2026-09-24T08:45:11.283999+00:00", "running": true}
{"node": "seed41032", "at": "2026-09-24T08:46:13.940503+00:00", "running": true}
{"node": "seed41032", "at": "2026-09-24T08:47:16.690721+00:00", "running": true}
{"node": "seed41032", "at": "2026-09-24T08:48:19.436969+00:00", "running": true}
{"node": "seed41032", "at": "2026-09-24T08:49:22.160237+00:00", "running": true}
{"node": "seed41032", "at": "2026-09-24T08:50:24.957909+00:00", "running": true}
{"node": "seed41032", "at": "2026-09-24T08:51:27.755940+00:00", "running": true}
{"node": "seed41032", "at": "2026-09-24T08:52:30.492762+00:00", "running": true}
{"node": "seed41032", "at": "2026-09-24T08:53:33.185608+00:00", "running": true}
{"node": "seed41032", "at": "2026-09-24T08:54:35.957271+00:00", "running": true}
{"node": "seed41032", "at": "2026-09-24T08:55:38.904937+00:00", "running": true}
{"node": "seed41032", "at": "2026-09-24T08:56:41.719094+00:00", "running": true}
{"node": "seed41032", "at": "2026-09-24T08:57:44.569192+00:00", "running": true}
{"node": "seed41032", "at": "2026-09-24T08:58:47.494719+00:00", "running": true}
{"node": "seed41032", "at": "2026-09-24T08:59:50.326325+00:00", "running": true}
{"node": "seed41032", "at": "2026-09-24T09:00:53.159730+00:00", "running": true}
{"node": "seed41032", "at": "2026-09-24T09:01:55.917888+00:00", "running": true}
{"node": "seed41032", "at": "2026-09-24T09:02:58.661266+00:00", "running": true}
{"node": "seed41032", "at": "2026-09-24T09:04:01.530206+00:00", "running": true}
{"node": "seed41032", "at": "2026-09-24T09:05:04.344779+00:00", "running": true}
{"node": "seed41032", "at": "2026-09-24T09:06:07.173796+00:00", "running": true}
{"node": "seed41032", "at": "2026-09-24T09:07:09.935794+00:00", "running": true}
{"node": "seed41032", "at": "2026-09-24T09:08:12.769018+00:00", "running": true}
{"node": "seed41032", "at": "2026-09-24T09:09:15.641618+00:00", "running": true}
{"node": "seed41032", "at": "2026-09-24T09:10:18.515802+00:00", "running": true}
{"node": "seed41032", "at": "2026-09-24T09:11:21.361255+00:00", "running": true}
{"node": "seed41032", "at": "2026-09-24T09:12:24.081366+00:00", "running": true}
{"node": "seed41032", "at": "2026-09-24T09:13:26.914284+00:00", "running": true}
{"node": "seed41032", "at": "2026-09-24T09:14:29.741925+00:00", "running": true}
{"node": "seed41032", "at": "2026-09-24T09:15:32.610867+00:00", "running": true}
{"node": "seed41032", "at": "2026-09-24T09:16:35.475370+00:00", "running": true}
{"node": "seed41032", "at": "2026-09-24T09:17:38.530754+00:00", "running": true}
{"node": "seed41032", "at": "2026-09-24T09:18:42.194418+00:00", "running": true}
{"node": "seed41032", "at": "2026-09-24T09:19:45.181480+00:00", "running": true}
{"node": "seed41032", "at": "2026-09-24T09:20:48.397721+00:00", "running": true}
{"node": "seed41032", "at": "2026-09-24T09:21:51.509945+00:00", "running": true}
{"node": "seed41032", "at": "2026-09-24T09:22:54.647565+00:00", "running": true}
{"node": "seed41032", "at": "2026-09-24T09:23:57.833691+00:00", "running": true}
{"node": "seed41032", "at": "2026-09-24T09:25:01.026466+00:00", "running": true}
{"node": "seed41032", "at": "2026-09-24T09:26:04.196851+00:00", "running": true}
{"node": "seed41032", "at": "2026-09-24T09:27:07.550430+00:00", "running": true}
{"node": "seed41032", "at": "2026-09-24T09:28:10.787032+00:00", "running": true}
{"node": "seed41032", "at": "2026-09-24T09:29:13.981740+00:00", "running": true}
{"node": "seed41032", "at": "2026-09-24T09:30:17.388951+00:00", "running": true}
{"node": "seed41032", "at": "2026-09-24T09:31:20.610467+00:00", "running": true}
{"node": "seed41032", "at": "2026-09-24T09:32:23.744202+00:00", "running": true}
{"node": "seed41032", "at": "2026-09-24T09:33:26.963935+00:00", "running": true}
{"node": "seed41032", "at": "2026-09-24T09:34:30.100161+00:00", "running": true}
{"node": "seed41032", "at": "2026-09-24T09:35:33.288558+00:00", "running": true}
{"node": "seed41032", "at": "2026-09-24T09:36:36.665914+00:00", "running": true}
{"node": "seed41032", "at": "2026-09-24T09:37:40.157582+00:00", "running": true}
{"node": "seed41032", "at": "2026-09-24T09:38:43.402232+00:00", "running": true}
{"node": "seed41032", "at": "2026-09-24T09:39:46.762275+00:00", "running": true}
{"node": "seed41032", "at": "2026-09-24T09:40:49.981948+00:00", "running": true}
{"node": "seed41032", "at": "2026-09-24T09:41:53.413234+00:00", "running": true}
{"node": "seed41032", "at": "2026-09-24T09:42:56.675250+00:00", "running": true}
{"node": "seed41032", "at": "2026-09-24T09:43:59.969633+00:00", "running": true}
{"node": "seed41032", "at": "2026-09-24T09:45:03.257288+00:00", "running": true}
{"node": "seed41032", "at": "2026-09-24T09:46:06.670929+00:00", "running": true}
{"node": "seed41032", "at": "2026-09-24T09:47:09.929625+00:00", "running": true}
{"node": "seed41032", "at": "2026-09-24T09:48:13.202027+00:00", "running": true}
{"node": "seed41032", "at": "2026-09-24T09:49:16.599062+00:00", "running": true}
{"node": "seed41032", "at": "2026-09-24T09:50:19.865583+00:00", "running": true}
{"node": "seed41032", "at": "2026-09-24T09:51:23.215357+00:00", "running": true}
{"node": "seed41032", "at": "2026-09-24T09:52:26.688202+00:00", "running": true}
{"node": "seed41032", "at": "2026-09-24T09:53:30.003559+00:00", "running": true}
{"node": "seed41032", "at": "2026-09-24T09:54:33.362282+00:00", "running": true}
{"node": "seed41032", "at": "2026-09-24T09:55:36.663936+00:00", "running": true}
{"node": "seed41032", "at": "2026-09-24T09:56:39.944262+00:00", "running": true}
{"node": "seed41032", "at": "2026-09-24T09:57:43.401597+00:00", "running": true}
{"node": "seed41032", "at": "2026-09-24T09:58:47.029264+00:00", "running": true}
{"node": "seed41032", "at": "2026-09-24T09:59:50.446231+00:00", "running": true}
{"node": "seed41032", "at": "2026-09-24T10:00:53.837547+00:00", "running": true}
{"node": "seed41032", "at": "2026-09-24T10:01:57.216851+00:00", "running": true}
{"node": "seed41032", "at": "2026-09-24T10:03:00.627245+00:00", "running": true}
{"node": "seed41032", "at": "2026-09-24T10:04:03.850127+00:00", "running": true}
{"node": "seed41032", "at": "2026-09-24T10:05:07.374210+00:00", "running": true}
{"node": "seed41032", "at": "2026-09-24T10:06:10.768634+00:00", "running": true}
{"node": "seed41032", "at": "2026-09-24T10:07:14.244954+00:00", "running": true}
{"node": "seed41032", "at": "2026-09-24T10:08:17.624396+00:00", "running": true}
{"node": "seed41032", "at": "2026-09-24T10:09:20.939517+00:00", "running": true}
{"node": "seed41032", "at": "2026-09-24T10:10:24.457395+00:00", "running": true}
{"node": "seed41032", "at": "2026-09-24T10:11:27.923504+00:00", "running": true}
{"node": "seed41032", "at": "2026-09-24T10:12:31.250971+00:00", "running": true}
{"node": "seed41032", "at": "2026-09-24T10:13:34.642237+00:00", "running": true}
{"node": "seed41032", "at": "2026-09-24T10:14:38.076746+00:00", "running": true}
{"node": "seed41032", "at": "2026-09-24T10:15:41.514640+00:00", "running": true}
{"node": "seed41032", "at": "2026-09-24T10:16:44.881059+00:00", "running": true}
{"node": "seed41032", "at": "2026-09-24T10:17:48.363195+00:00", "running": true}
{"node": "seed41032", "at": "2026-09-24T10:18:51.621924+00:00", "running": true}
{"node": "seed41032", "at": "2026-09-24T10:19:54.886815+00:00", "running": true}
{"node": "seed41032", "at": "2026-09-24T10:20:58.332622+00:00", "running": true}
{"node": "seed41032", "at": "2026-09-24T10:22:01.787094+00:00", "running": true}
{"node": "seed41032", "at": "2026-09-24T10:23:05.213353+00:00", "running": true}
{"node": "seed41032", "at": "2026-09-24T10:24:08.879354+00:00", "running": true}
{"node": "seed41032", "at": "2026-09-24T10:25:12.304265+00:00", "running": true}
{"node": "seed41032", "at": "2026-09-24T10:26:15.788672+00:00", "running": true}
{"node": "seed41032", "at": "2026-09-24T10:27:19.445018+00:00", "running": true}
{"node": "seed41032", "at": "2026-09-24T10:28:22.951871+00:00", "running": true}
{"node": "seed41032", "at": "2026-09-24T10:29:26.426887+00:00", "running": true}
{"node": "seed41032", "at": "2026-09-24T10:30:30.338650+00:00", "running": true}
{"node": "seed41032", "at": "2026-09-24T10:31:33.949703+00:00", "running": true}
{"node": "seed41032", "at": "2026-09-24T10:32:37.494038+00:00", "running": true}
{"node": "seed41032", "at": "2026-09-24T10:33:40.884891+00:00", "running": true}
{"node": "seed41032", "at": "2026-09-24T10:34:44.314680+00:00", "running": true}
{"node": "seed41032", "at": "2026-09-24T10:35:47.906119+00:00", "running": true}
{"node": "seed41032", "at": "2026-09-24T10:36:51.373822+00:00", "running": true}
{"node": "seed41032", "at": "2026-09-24T10:37:55.681110+00:00", "running": true}
{"node": "seed41032", "at": "2026-09-24T10:38:59.718869+00:00", "running": true}
{"node": "seed41032", "at": "2026-09-24T10:40:03.122765+00:00", "running": true}
{"node": "seed41032", "at": "2026-09-24T10:41:06.803874+00:00", "running": true}
{"node": "seed41032", "at": "2026-09-24T10:42:10.307957+00:00", "running": true}
{"node": "seed41032", "at": "2026-09-24T10:43:13.796921+00:00", "running": true}
{"node": "seed41032", "at": "2026-09-24T10:44:17.364459+00:00", "running": true}
{"node": "seed41032", "at": "2026-09-24T10:45:20.846701+00:00", "running": true}
{"node": "seed41032", "at": "2026-09-24T10:46:24.371776+00:00", "running": true}
{"node": "seed41032", "at": "2026-09-24T10:47:27.966985+00:00", "running": true}
{"node": "seed41032", "at": "2026-09-24T10:48:31.519105+00:00", "running": true}
{"node": "seed41032", "at": "2026-09-24T10:49:35.040691+00:00", "running": true}
{"node": "seed41032", "at": "2026-09-24T10:50:38.672631+00:00", "running": true}
{"node": "seed41032", "at": "2026-09-24T10:51:42.125675+00:00", "running": true}
{"node": "seed41032", "at": "2026-09-24T10:52:45.704013+00:00", "running": true}
{"node": "seed41032", "at": "2026-09-24T10:53:49.510945+00:00", "running": true}
{"node": "seed41032", "at": "2026-09-24T10:54:53.190801+00:00", "running": true}
{"node": "seed41032", "at": "2026-09-24T10:55:56.789237+00:00", "running": true}
{"node": "seed41032", "at": "2026-09-24T10:57:00.433805+00:00", "running": true}
{"node": "seed41032", "at": "2026-09-24T10:58:03.998038+00:00", "running": true}
{"node": "seed41032", "at": "2026-09-24T10:59:07.568123+00:00", "running": true}
{"node": "seed41032", "at": "2026-09-24T11:00:11.157249+00:00", "running": true}
{"node": "seed41032", "at": "2026-09-24T11:01:14.771036+00:00", "running": true}
{"node": "seed41032", "at": "2026-09-24T11:02:18.579695+00:00", "running": true}
{"node": "seed41032", "at": "2026-09-24T11:03:22.025851+00:00", "running": true}
{"node": "seed41032", "at": "2026-09-24T11:04:25.672074+00:00", "running": true}
{"node": "seed41032", "at": "2026-09-24T11:05:29.438373+00:00", "running": true}
{"node": "seed41032", "at": "2026-09-24T11:06:33.132477+00:00", "running": true}
{"node": "seed41032", "at": "2026-09-24T11:07:37.018404+00:00", "running": true}
{"node": "seed41032", "at": "2026-09-24T11:08:41.616910+00:00", "running": true}
{"node": "seed41032", "at": "2026-09-24T11:09:45.213380+00:00", "running": true}
{"node": "seed41032", "at": "2026-09-24T11:10:48.979535+00:00", "running": true}
{"node": "seed41032", "at": "2026-09-24T11:11:52.739793+00:00", "running": true}
{"node": "seed41032", "at": "2026-09-24T11:12:56.611495+00:00", "running": true}
{"node": "seed41032", "at": "2026-09-24T11:14:00.228067+00:00", "running": true}
{"node": "seed41032", "at": "2026-09-24T11:15:03.807899+00:00", "running": true}
{"node": "seed41032", "at": "2026-09-24T11:16:07.639504+00:00", "running": true}
{"node": "seed41032", "at": "2026-09-24T11:17:15.032447+00:00", "running": true}
{"node": "seed41032", "at": "2026-09-24T11:18:20.800507+00:00", "running": true}
{"node": "seed41032", "at": "2026-09-24T11:19:24.384852+00:00", "running": true}
{"node": "seed41032", "at": "2026-09-24T11:20:28.113590+00:00", "running": true}
{"node": "seed41032", "at": "2026-09-24T11:21:31.816040+00:00", "running": true}
{"node": "seed41032", "at": "2026-09-24T11:22:35.638144+00:00", "running": true}
{"node": "seed41032", "at": "2026-09-24T11:23:39.446495+00:00", "running": true}
{"node": "seed41032", "at": "2026-09-24T11:24:43.186077+00:00", "running": true}
Connection closed by 129.146.71.182 port 22
rsync(93352): error: unexpected end of file
Collection error 1: Command '['rsync', '-az', '--timeout=60', '-e', 'ssh -i /Users/jacksonmowattgok/Dev/swarm-solidarity/.local/lambda-corrective-41032/id_ed25519 -o BatchMode=yes -o ConnectTimeout=15 -o StrictHostKeyChecking=accept-new -o UserKnownHostsFile=.local/lambda-corrective-41032/known_hosts -o ServerAliveInterval=15 -o ServerAliveCountMax=2', 'ubuntu@129.146.71.182:/home/ubuntu/swarm-solidarity/experiment_log/010_corrective_comparison/parallel/seed41032/', 'experiment_log/010_corrective_comparison/parallel/seed41032/']' returned non-zero exit status 255.
{"node": "seed41032", "at": "2026-09-24T11:25:43.348346+00:00", "running": true}
{"node": "seed41032", "at": "2026-09-24T11:26:47.071271+00:00", "running": true}
{"name": "swarm-solidarity-pilot-75382002", "instance_id": "f6ec7250334241f5bd7c76c0f73b96f3", "status": "terminating", "ip": "129.146.71.182", "usd_per_hour": 1.99}
{"name": "swarm-solidarity-pilot-75382002", "instance_id": "f6ec7250334241f5bd7c76c0f73b96f3", "status": "terminating", "ip": "129.146.71.182", "usd_per_hour": 1.99}
{"name": "swarm-solidarity-pilot-75382002", "instance_id": "f6ec7250334241f5bd7c76c0f73b96f3", "status": "terminating", "ip": "129.146.71.182", "usd_per_hour": 1.99}
{"name": "swarm-solidarity-pilot-75382002", "instance_id": "f6ec7250334241f5bd7c76c0f73b96f3", "status": "terminating", "ip": "129.146.71.182", "usd_per_hour": 1.99}
{"name": "swarm-solidarity-pilot-75382002", "instance_id": "f6ec7250334241f5bd7c76c0f73b96f3", "status": "terminating", "ip": "129.146.71.182", "usd_per_hour": 1.99}
{"name": "swarm-solidarity-pilot-75382002", "instance_id": "f6ec7250334241f5bd7c76c0f73b96f3", "status": "terminated", "ip": "129.146.71.182", "usd_per_hour": 1.99}
SSH key deleted: 200
