Fetching 3 files:   0%|          | 0/3 [00:00<?, ?it/s]Fetching 3 files:  33%|███▎      | 1/3 [00:03<00:06,  3.33s/it]Fetching 3 files:  67%|██████▋   | 2/3 [00:16<00:08,  8.17s/it]Fetching 3 files: 100%|██████████| 3/3 [00:22<00:00,  7.39s/it]Fetching 3 files: 100%|██████████| 3/3 [00:22<00:00,  7.39s/it]
Loading checkpoint shards:   0%|          | 0/3 [00:00<?, ?it/s]Loading checkpoint shards:  33%|███▎      | 1/3 [00:00<00:01,  1.67it/s]Loading checkpoint shards:  67%|██████▋   | 2/3 [00:01<00:00,  1.66it/s]Loading checkpoint shards: 100%|██████████| 3/3 [00:01<00:00,  2.45it/s]
{"update": 1, "examples_seen": 8, "supervised_tokens": 1343, "loss": 0.3850494958460331, "gradient_norm": 1.8168553113937378, "learning_rate": 2e-05, "seconds": 3.176088051999983, "elapsed_training_seconds": 3.176300222000009}
{"update": 2, "examples_seen": 16, "supervised_tokens": 1374, "loss": 0.4247138574719429, "gradient_norm": 1.5985220670700073, "learning_rate": 4e-05, "seconds": 2.658773738000008, "elapsed_training_seconds": 5.843412182000009}
{"update": 3, "examples_seen": 24, "supervised_tokens": 926, "loss": 0.2993434965610504, "gradient_norm": 1.3352986574172974, "learning_rate": 6e-05, "seconds": 2.481872137000039, "elapsed_training_seconds": 8.331201201999988}
{"update": 4, "examples_seen": 32, "supervised_tokens": 1387, "loss": 0.30020516738295555, "gradient_norm": 1.159951090812683, "learning_rate": 8e-05, "seconds": 2.7760056490000125, "elapsed_training_seconds": 11.115361707000034}
{"update": 5, "examples_seen": 40, "supervised_tokens": 1052, "loss": 0.19804001972079277, "gradient_norm": 0.7298083305358887, "learning_rate": 0.0001, "seconds": 2.3114026999999737, "elapsed_training_seconds": 13.434302962999993}
{"update": 6, "examples_seen": 48, "supervised_tokens": 901, "loss": 0.11498339287936687, "gradient_norm": 0.7623969316482544, "learning_rate": 0.0001, "seconds": 1.6671631359999992, "elapsed_training_seconds": 15.107672028000025}
{"update": 7, "examples_seen": 56, "supervised_tokens": 1442, "loss": 0.05719059752300382, "gradient_norm": 0.5304029583930969, "learning_rate": 0.0001, "seconds": 2.313845721000007, "elapsed_training_seconds": 17.427608464000002}
{"update": 8, "examples_seen": 64, "supervised_tokens": 1031, "loss": 0.053033392410725355, "gradient_norm": 0.8243158459663391, "learning_rate": 0.0001, "seconds": 2.1141836009999793, "elapsed_training_seconds": 19.548186794000003}
{"update": 9, "examples_seen": 72, "supervised_tokens": 1298, "loss": 0.03197286510840058, "gradient_norm": 0.5683164596557617, "learning_rate": 0.0001, "seconds": 2.107871547000002, "elapsed_training_seconds": 21.661599556}
{"update": 10, "examples_seen": 80, "supervised_tokens": 1419, "loss": 0.02360612095799297, "gradient_norm": 0.42016348242759705, "learning_rate": 0.0001, "seconds": 2.3058785619999753, "elapsed_training_seconds": 23.973689175000004}
{"update": 11, "examples_seen": 88, "supervised_tokens": 1344, "loss": 0.016674930462613702, "gradient_norm": 0.5409752726554871, "learning_rate": 0.0001, "seconds": 2.0957946210000387, "elapsed_training_seconds": 26.075471488000005}
{"update": 12, "examples_seen": 96, "supervised_tokens": 1277, "loss": 0.02096629305742681, "gradient_norm": 0.3217584490776062, "learning_rate": 0.0001, "seconds": 2.0639907990000097, "elapsed_training_seconds": 28.145592491000002}
{"update": 13, "examples_seen": 104, "supervised_tokens": 885, "loss": 0.007613475128891878, "gradient_norm": 0.12553979456424713, "learning_rate": 0.0001, "seconds": 2.069146573000012, "elapsed_training_seconds": 30.220939122999994}
{"update": 14, "examples_seen": 112, "supervised_tokens": 1258, "loss": 0.013921216246671975, "gradient_norm": 0.22332480549812317, "learning_rate": 0.0001, "seconds": 1.9273797619999868, "elapsed_training_seconds": 32.154604559999996}
{"update": 15, "examples_seen": 120, "supervised_tokens": 1449, "loss": 0.008789757965132594, "gradient_norm": 0.0985746756196022, "learning_rate": 0.0001, "seconds": 2.298116346000029, "elapsed_training_seconds": 34.45610977900003}
{"update": 16, "examples_seen": 128, "supervised_tokens": 1409, "loss": 0.0036525372561300173, "gradient_norm": 0.07404036074876785, "learning_rate": 0.0001, "seconds": 1.880590933999997, "elapsed_training_seconds": 36.340991245}
{"update": 17, "examples_seen": 136, "supervised_tokens": 1340, "loss": 0.0069978859391994774, "gradient_norm": 0.12958678603172302, "learning_rate": 0.0001, "seconds": 2.0083657989999892, "elapsed_training_seconds": 38.35495030499999}
{"update": 18, "examples_seen": 144, "supervised_tokens": 1337, "loss": 0.008958800783148035, "gradient_norm": 0.08359706401824951, "learning_rate": 0.0001, "seconds": 2.13789785900002, "elapsed_training_seconds": 40.496131795999986}
{"update": 19, "examples_seen": 152, "supervised_tokens": 1254, "loss": 0.006782788666896522, "gradient_norm": 0.10231784731149673, "learning_rate": 0.0001, "seconds": 2.001126040000031, "elapsed_training_seconds": 42.49984967199998}
{"update": 20, "examples_seen": 160, "supervised_tokens": 1116, "loss": 0.008269597019534558, "gradient_norm": 0.09397818148136139, "learning_rate": 0.0001, "seconds": 1.9850902470000165, "elapsed_training_seconds": 44.488173743999994}
{"update": 21, "examples_seen": 168, "supervised_tokens": 1256, "loss": 0.006027118593920022, "gradient_norm": 0.08922897279262543, "learning_rate": 0.0001, "seconds": 2.1377849930000252, "elapsed_training_seconds": 46.62951535299999}
{"update": 22, "examples_seen": 176, "supervised_tokens": 1154, "loss": 0.006799669528845698, "gradient_norm": 0.11950705200433731, "learning_rate": 0.0001, "seconds": 2.002029886999992, "elapsed_training_seconds": 48.63485335299998}
{"update": 23, "examples_seen": 184, "supervised_tokens": 1403, "loss": 0.005271639209240675, "gradient_norm": 0.09490881860256195, "learning_rate": 0.0001, "seconds": 2.266842177000001, "elapsed_training_seconds": 50.907735505000005}
{"update": 24, "examples_seen": 192, "supervised_tokens": 1354, "loss": 0.003205001004971564, "gradient_norm": 0.04806770384311676, "learning_rate": 0.0001, "seconds": 2.110776051000016, "elapsed_training_seconds": 53.02457922100001}
{"update": 25, "examples_seen": 200, "supervised_tokens": 1286, "loss": 0.005254643852822483, "gradient_norm": 0.09439484775066376, "learning_rate": 0.0001, "seconds": 2.0849316989999807, "elapsed_training_seconds": 55.114573947999986}
{"update": 26, "examples_seen": 208, "supervised_tokens": 1318, "loss": 0.0021518142020795494, "gradient_norm": 0.06358858197927475, "learning_rate": 0.0001, "seconds": 2.3376058419999595, "elapsed_training_seconds": 57.458512246}
{"update": 27, "examples_seen": 216, "supervised_tokens": 1159, "loss": 0.010137249279068783, "gradient_norm": 0.16820479929447174, "learning_rate": 0.0001, "seconds": 2.0747270749999984, "elapsed_training_seconds": 59.53917859400002}
{"update": 28, "examples_seen": 224, "supervised_tokens": 1298, "loss": 0.0014826930710114539, "gradient_norm": 0.031029939651489258, "learning_rate": 0.0001, "seconds": 2.089065643999959, "elapsed_training_seconds": 61.63417273599998}
{"update": 29, "examples_seen": 232, "supervised_tokens": 1212, "loss": 0.003337025460496079, "gradient_norm": 0.08202903717756271, "learning_rate": 0.0001, "seconds": 2.331797053999992, "elapsed_training_seconds": 63.972137159}
{"update": 30, "examples_seen": 240, "supervised_tokens": 1351, "loss": 0.003987613381468691, "gradient_norm": 0.052473705261945724, "learning_rate": 0.0001, "seconds": 2.0721572539999897, "elapsed_training_seconds": 66.05038059600002}
{"update": 31, "examples_seen": 248, "supervised_tokens": 1156, "loss": 0.0013647021187352948, "gradient_norm": 0.031183576211333275, "learning_rate": 0.0001, "seconds": 2.3273836749999646, "elapsed_training_seconds": 68.38389437500001}
{"update": 32, "examples_seen": 256, "supervised_tokens": 1359, "loss": 0.0019698405085364357, "gradient_norm": 0.05725131928920746, "learning_rate": 0.0001, "seconds": 2.1584661149999533, "elapsed_training_seconds": 70.549014694}
{"update": 33, "examples_seen": 264, "supervised_tokens": 1322, "loss": 0.003705706083565019, "gradient_norm": 0.18272779881954193, "learning_rate": 0.0001, "seconds": 2.1628884849999963, "elapsed_training_seconds": 72.71834969700001}
{"update": 34, "examples_seen": 272, "supervised_tokens": 1244, "loss": 0.0019379770164960064, "gradient_norm": 0.06983588635921478, "learning_rate": 0.0001, "seconds": 2.2612127720000217, "elapsed_training_seconds": 74.98548909100003}
{"update": 35, "examples_seen": 280, "supervised_tokens": 1211, "loss": 0.0007456764942617156, "gradient_norm": 0.022427476942539215, "learning_rate": 0.0001, "seconds": 2.069109544000014, "elapsed_training_seconds": 77.06156103800004}
{"update": 36, "examples_seen": 288, "supervised_tokens": 1361, "loss": 0.0011111376952612773, "gradient_norm": 0.11453073471784592, "learning_rate": 0.0001, "seconds": 2.10127174400003, "elapsed_training_seconds": 79.16899966900002}
{"update": 37, "examples_seen": 296, "supervised_tokens": 1207, "loss": 0.0010808052975335158, "gradient_norm": 0.05161137878894806, "learning_rate": 0.0001, "seconds": 2.31623237499997, "elapsed_training_seconds": 81.491666114}
{"update": 38, "examples_seen": 304, "supervised_tokens": 1441, "loss": 0.0007002911879681051, "gradient_norm": 0.029514703899621964, "learning_rate": 0.0001, "seconds": 2.2096670909999716, "elapsed_training_seconds": 83.707508475}
{"update": 39, "examples_seen": 312, "supervised_tokens": 1459, "loss": 0.00044519119182950817, "gradient_norm": 0.023548472672700882, "learning_rate": 0.0001, "seconds": 2.3823457380000264, "elapsed_training_seconds": 86.09360409300001}
{"update": 40, "examples_seen": 320, "supervised_tokens": 1059, "loss": 0.001019399791402975, "gradient_norm": 0.06284530460834503, "learning_rate": 0.0001, "seconds": 2.100720054999954, "elapsed_training_seconds": 88.20140265700002}
{"update": 41, "examples_seen": 328, "supervised_tokens": 1522, "loss": 0.00030604188214056194, "gradient_norm": 0.012458894401788712, "learning_rate": 0.0001, "seconds": 2.2455745899999897, "elapsed_training_seconds": 90.45285092}
{"update": 42, "examples_seen": 336, "supervised_tokens": 1125, "loss": 0.004457770723092835, "gradient_norm": 0.11029322445392609, "learning_rate": 0.0001, "seconds": 2.4611961270000506, "elapsed_training_seconds": 92.92074449500001}
{"update": 43, "examples_seen": 344, "supervised_tokens": 1295, "loss": 0.000719964615200297, "gradient_norm": 0.06326736509799957, "learning_rate": 0.0001, "seconds": 2.305516339999997, "elapsed_training_seconds": 95.23254297900002}
{"update": 44, "examples_seen": 352, "supervised_tokens": 1316, "loss": 0.00022323400116874836, "gradient_norm": 0.007094588130712509, "learning_rate": 0.0001, "seconds": 2.333571209000013, "elapsed_training_seconds": 97.57265878499999}
{"update": 45, "examples_seen": 360, "supervised_tokens": 1418, "loss": 0.001323461125139147, "gradient_norm": 0.18719395995140076, "learning_rate": 0.0001, "seconds": 2.554271616000051, "elapsed_training_seconds": 100.13310608}
{"update": 46, "examples_seen": 368, "supervised_tokens": 1463, "loss": 0.00018004354024014901, "gradient_norm": 0.007108020130544901, "learning_rate": 0.0001, "seconds": 2.36524443899998, "elapsed_training_seconds": 102.50461503899999}
{"update": 47, "examples_seen": 376, "supervised_tokens": 1102, "loss": 0.0002587816834420664, "gradient_norm": 0.014713787473738194, "learning_rate": 0.0001, "seconds": 2.7476244199999655, "elapsed_training_seconds": 105.25815577000003}
{"update": 48, "examples_seen": 384, "supervised_tokens": 1329, "loss": 0.00013619391938846093, "gradient_norm": 0.003561504650861025, "learning_rate": 0.0001, "seconds": 2.5654696909999757, "elapsed_training_seconds": 107.83094079200004}
{"update": 49, "examples_seen": 392, "supervised_tokens": 1511, "loss": 0.004207514419249492, "gradient_norm": 0.3851622939109802, "learning_rate": 0.0001, "seconds": 2.3701547509999727, "elapsed_training_seconds": 110.20862636600003}
{"update": 50, "examples_seen": 400, "supervised_tokens": 1313, "loss": 0.0010469514927535783, "gradient_norm": 0.2389630228281021, "learning_rate": 0.0001, "seconds": 2.6316623000000163, "elapsed_training_seconds": 112.84797859600002}
{"update": 51, "examples_seen": 408, "supervised_tokens": 1412, "loss": 0.00021266234034555964, "gradient_norm": 0.013352956622838974, "learning_rate": 0.0001, "seconds": 2.393873345999964, "elapsed_training_seconds": 115.25099898400003}
{"update": 52, "examples_seen": 416, "supervised_tokens": 1444, "loss": 8.093946144072106e-05, "gradient_norm": 0.0020476090721786022, "learning_rate": 0.0001, "seconds": 2.330272094999998, "elapsed_training_seconds": 117.58967408199999}
{"update": 53, "examples_seen": 424, "supervised_tokens": 1530, "loss": 0.00013617136937682517, "gradient_norm": 0.006386568304151297, "learning_rate": 0.0001, "seconds": 2.3284904509999933, "elapsed_training_seconds": 119.92476345900002}
{"update": 54, "examples_seen": 432, "supervised_tokens": 1349, "loss": 0.0002363649755352526, "gradient_norm": 0.014952636323869228, "learning_rate": 0.0001, "seconds": 2.0951592769999934, "elapsed_training_seconds": 122.02661797000002}
{"update": 55, "examples_seen": 440, "supervised_tokens": 1384, "loss": 0.00023337088714470156, "gradient_norm": 0.012198374606668949, "learning_rate": 0.0001, "seconds": 2.34613846000002, "elapsed_training_seconds": 124.37915402200002}
{"update": 56, "examples_seen": 448, "supervised_tokens": 1157, "loss": 0.0011133690986753209, "gradient_norm": 0.07526925206184387, "learning_rate": 0.0001, "seconds": 2.375565874000017, "elapsed_training_seconds": 126.76100210600003}
{"update": 57, "examples_seen": 456, "supervised_tokens": 1097, "loss": 0.00010596267384244129, "gradient_norm": 0.0029828075785189867, "learning_rate": 0.0001, "seconds": 2.1287012309999795, "elapsed_training_seconds": 128.89715919600002}
{"update": 58, "examples_seen": 464, "supervised_tokens": 1360, "loss": 0.0005869375254405895, "gradient_norm": 0.049263495951890945, "learning_rate": 0.0001, "seconds": 2.356780099000048, "elapsed_training_seconds": 131.25992264}
{"update": 59, "examples_seen": 472, "supervised_tokens": 1374, "loss": 8.65888887346955e-05, "gradient_norm": 0.002386733889579773, "learning_rate": 0.0001, "seconds": 2.158785148999982, "elapsed_training_seconds": 133.424978973}
{"update": 60, "examples_seen": 480, "supervised_tokens": 1193, "loss": 0.0005382027538871625, "gradient_norm": 0.053515493869781494, "learning_rate": 0.0001, "seconds": 2.112664343000006, "elapsed_training_seconds": 135.54398958000002}
{"update": 61, "examples_seen": 488, "supervised_tokens": 1364, "loss": 0.0009789401483430993, "gradient_norm": 0.04719862714409828, "learning_rate": 0.0001, "seconds": 2.385024262999991, "elapsed_training_seconds": 137.93537613}
{"update": 62, "examples_seen": 496, "supervised_tokens": 1174, "loss": 0.00010857779216166819, "gradient_norm": 0.004467757418751717, "learning_rate": 0.0001, "seconds": 2.2172713639999984, "elapsed_training_seconds": 140.15938939699998}
{"update": 63, "examples_seen": 504, "supervised_tokens": 1379, "loss": 0.0006667966863460606, "gradient_norm": 0.10983661562204361, "learning_rate": 0.0001, "seconds": 2.368980109000006, "elapsed_training_seconds": 142.535817668}
{"update": 64, "examples_seen": 512, "supervised_tokens": 1482, "loss": 0.00013694981680600904, "gradient_norm": 0.010467116720974445, "learning_rate": 0.0001, "seconds": 2.7164038989999995, "elapsed_training_seconds": 145.259676927}
{"update": 65, "examples_seen": 520, "supervised_tokens": 1376, "loss": 5.346886428014841e-05, "gradient_norm": 0.0020921891555190086, "learning_rate": 0.0001, "seconds": 2.444929762000015, "elapsed_training_seconds": 147.71227197000002}
{"update": 66, "examples_seen": 528, "supervised_tokens": 1137, "loss": 8.483452529617352e-05, "gradient_norm": 0.0026077297516167164, "learning_rate": 0.0001, "seconds": 2.680472936000001, "elapsed_training_seconds": 150.399928788}
{"update": 67, "examples_seen": 536, "supervised_tokens": 1413, "loss": 6.716546886309516e-05, "gradient_norm": 0.0024570166133344173, "learning_rate": 0.0001, "seconds": 2.4010063309999623, "elapsed_training_seconds": 152.808660077}
{"update": 68, "examples_seen": 544, "supervised_tokens": 1360, "loss": 5.004320519219618e-05, "gradient_norm": 0.0014869098085910082, "learning_rate": 0.0001, "seconds": 2.2801057980000223, "elapsed_training_seconds": 155.09639677799998}
{"update": 69, "examples_seen": 552, "supervised_tokens": 1159, "loss": 0.00036514106068352703, "gradient_norm": 0.022812046110630035, "learning_rate": 0.0001, "seconds": 2.342015167999989, "elapsed_training_seconds": 157.444819224}
{"update": 70, "examples_seen": 560, "supervised_tokens": 1169, "loss": 0.00012777539086528122, "gradient_norm": 0.008296789601445198, "learning_rate": 0.0001, "seconds": 2.159016611000027, "elapsed_training_seconds": 159.610160333}
{"update": 71, "examples_seen": 568, "supervised_tokens": 1452, "loss": 0.00012192376470920863, "gradient_norm": 0.005826887208968401, "learning_rate": 0.0001, "seconds": 2.1732214580000004, "elapsed_training_seconds": 161.789349162}
{"update": 72, "examples_seen": 576, "supervised_tokens": 1327, "loss": 0.00014624267441831762, "gradient_norm": 0.017708836123347282, "learning_rate": 0.0001, "seconds": 2.369943610000007, "elapsed_training_seconds": 164.16615248200003}
{"update": 73, "examples_seen": 584, "supervised_tokens": 1099, "loss": 5.6368282457697205e-05, "gradient_norm": 0.0019339316058903933, "learning_rate": 0.0001, "seconds": 2.067924875000017, "elapsed_training_seconds": 166.240293678}
{"update": 74, "examples_seen": 592, "supervised_tokens": 1376, "loss": 6.285951621975983e-05, "gradient_norm": 0.002901318483054638, "learning_rate": 0.0001, "seconds": 2.3687739599999986, "elapsed_training_seconds": 168.61559979100002}
{"update": 75, "examples_seen": 600, "supervised_tokens": 1373, "loss": 5.804079683002783e-05, "gradient_norm": 0.0015082616591826081, "learning_rate": 0.0001, "seconds": 2.140831493999997, "elapsed_training_seconds": 170.762569515}
{"update": 76, "examples_seen": 608, "supervised_tokens": 1151, "loss": 4.711861674877582e-05, "gradient_norm": 0.002101597376167774, "learning_rate": 0.0001, "seconds": 1.9281632469999863, "elapsed_training_seconds": 172.696974491}
{"update": 77, "examples_seen": 616, "supervised_tokens": 1442, "loss": 7.003969176366809e-05, "gradient_norm": 0.0031340462155640125, "learning_rate": 0.0001, "seconds": 2.378035333000014, "elapsed_training_seconds": 175.08128563000002}
{"update": 78, "examples_seen": 624, "supervised_tokens": 1343, "loss": 4.1096606764767785e-05, "gradient_norm": 0.0011132011422887444, "learning_rate": 0.0001, "seconds": 2.1090331890000016, "elapsed_training_seconds": 177.196714602}
{"update": 79, "examples_seen": 632, "supervised_tokens": 1317, "loss": 0.0007262259287017514, "gradient_norm": 0.16967548429965973, "learning_rate": 0.0001, "seconds": 2.1691130080000107, "elapsed_training_seconds": 179.37248220000004}
{"update": 80, "examples_seen": 640, "supervised_tokens": 1272, "loss": 3.352630665176548e-05, "gradient_norm": 0.0007438930333591998, "learning_rate": 0.0001, "seconds": 2.2372635420000506, "elapsed_training_seconds": 181.61533153300002}
{"update": 81, "examples_seen": 648, "supervised_tokens": 1008, "loss": 4.2917644350382034e-05, "gradient_norm": 0.00125672179274261, "learning_rate": 0.0001, "seconds": 2.0271015139999804, "elapsed_training_seconds": 183.64870554100003}
{"update": 82, "examples_seen": 656, "supervised_tokens": 1315, "loss": 2.9476417239493458e-05, "gradient_norm": 0.0008243860793299973, "learning_rate": 0.0001, "seconds": 2.3960297690000516, "elapsed_training_seconds": 186.051088925}
{"update": 83, "examples_seen": 664, "supervised_tokens": 1397, "loss": 4.314699026508606e-05, "gradient_norm": 0.0015157336601987481, "learning_rate": 0.0001, "seconds": 2.2178488469999706, "elapsed_training_seconds": 188.275253115}
{"update": 84, "examples_seen": 672, "supervised_tokens": 1279, "loss": 7.64986557442171e-05, "gradient_norm": 0.004235847387462854, "learning_rate": 0.0001, "seconds": 2.136917306999976, "elapsed_training_seconds": 190.418699666}
{"update": 85, "examples_seen": 680, "supervised_tokens": 1153, "loss": 0.00010742585982370656, "gradient_norm": 0.010075343772768974, "learning_rate": 0.0001, "seconds": 2.3423824269999614, "elapsed_training_seconds": 192.766991777}
{"update": 86, "examples_seen": 688, "supervised_tokens": 1130, "loss": 5.324469793777098e-05, "gradient_norm": 0.004183120094239712, "learning_rate": 0.0001, "seconds": 2.1800221299999976, "elapsed_training_seconds": 194.95291737899998}
{"update": 87, "examples_seen": 696, "supervised_tokens": 1323, "loss": 7.974360505613731e-05, "gradient_norm": 0.00676701171323657, "learning_rate": 0.0001, "seconds": 2.144506705000026, "elapsed_training_seconds": 197.103330921}
{"update": 88, "examples_seen": 704, "supervised_tokens": 1061, "loss": 3.155608510496677e-05, "gradient_norm": 0.0017636893317103386, "learning_rate": 0.0001, "seconds": 2.1793978899999615, "elapsed_training_seconds": 199.288670793}
{"update": 89, "examples_seen": 712, "supervised_tokens": 1459, "loss": 3.306759867882647e-05, "gradient_norm": 0.003907429054379463, "learning_rate": 0.0001, "seconds": 2.1832112399999914, "elapsed_training_seconds": 201.477352767}
{"update": 90, "examples_seen": 720, "supervised_tokens": 1242, "loss": 3.7766659715998685e-05, "gradient_norm": 0.002624345710501075, "learning_rate": 0.0001, "seconds": 2.3878945140000383, "elapsed_training_seconds": 203.87126070200003}
{"update": 91, "examples_seen": 728, "supervised_tokens": 1361, "loss": 2.9072124107187847e-05, "gradient_norm": 0.0013022852363064885, "learning_rate": 0.0001, "seconds": 2.2182650520000493, "elapsed_training_seconds": 206.09550679200004}
{"update": 92, "examples_seen": 736, "supervised_tokens": 1008, "loss": 3.471371928753797e-05, "gradient_norm": 0.0009613586589694023, "learning_rate": 0.0001, "seconds": 2.044524619000015, "elapsed_training_seconds": 208.14640799}
{"update": 93, "examples_seen": 744, "supervised_tokens": 1358, "loss": 5.994613593429676e-05, "gradient_norm": 0.0067834253422915936, "learning_rate": 0.0001, "seconds": 2.4040781639999977, "elapsed_training_seconds": 210.557405705}
{"update": 94, "examples_seen": 752, "supervised_tokens": 1299, "loss": 2.9459875122483936e-05, "gradient_norm": 0.0007830657414160669, "learning_rate": 0.0001, "seconds": 2.1141501429999607, "elapsed_training_seconds": 212.677636763}
{"update": 95, "examples_seen": 760, "supervised_tokens": 1312, "loss": 2.977133681270061e-05, "gradient_norm": 0.0007441412308253348, "learning_rate": 0.0001, "seconds": 2.170976828999983, "elapsed_training_seconds": 214.85489195500003}
{"update": 96, "examples_seen": 768, "supervised_tokens": 1402, "loss": 0.002317188655752034, "gradient_norm": 0.17347468435764313, "learning_rate": 0.0001, "seconds": 2.386320452999996, "elapsed_training_seconds": 217.248463378}
{"update": 97, "examples_seen": 776, "supervised_tokens": 1438, "loss": 2.5328573883598438e-05, "gradient_norm": 0.0006906367489136755, "learning_rate": 0.0001, "seconds": 2.2516674629999898, "elapsed_training_seconds": 219.506388078}
{"update": 98, "examples_seen": 784, "supervised_tokens": 1284, "loss": 2.9272995107021416e-05, "gradient_norm": 0.0009985570795834064, "learning_rate": 0.0001, "seconds": 2.406202508999968, "elapsed_training_seconds": 221.919017391}
{"update": 99, "examples_seen": 792, "supervised_tokens": 1446, "loss": 0.004619253557848424, "gradient_norm": 0.15214917063713074, "learning_rate": 0.0001, "seconds": 2.165696812999954, "elapsed_training_seconds": 224.090941875}
{"update": 100, "examples_seen": 800, "supervised_tokens": 1315, "loss": 0.00011175651638950512, "gradient_norm": 0.006145932245999575, "learning_rate": 0.0001, "seconds": 2.140277848999972, "elapsed_training_seconds": 226.23766582500002}
{"update": 101, "examples_seen": 808, "supervised_tokens": 1118, "loss": 4.673018156609032e-05, "gradient_norm": 0.0014351863646879792, "learning_rate": 0.0001, "seconds": 2.4445248229999947, "elapsed_training_seconds": 228.688376694}
{"update": 102, "examples_seen": 816, "supervised_tokens": 1408, "loss": 0.00013205118193582166, "gradient_norm": 0.018713435158133507, "learning_rate": 0.0001, "seconds": 2.1620989490000397, "elapsed_training_seconds": 230.857089036}
{"update": 103, "examples_seen": 824, "supervised_tokens": 1204, "loss": 3.5490701520757284e-05, "gradient_norm": 0.0014154388336464763, "learning_rate": 0.0001, "seconds": 2.0687736470000004, "elapsed_training_seconds": 232.932245695}
{"update": 104, "examples_seen": 832, "supervised_tokens": 1307, "loss": 2.514380685170181e-05, "gradient_norm": 0.000587940332479775, "learning_rate": 0.0001, "seconds": 2.193454137999993, "elapsed_training_seconds": 235.13170255400001}
{"update": 105, "examples_seen": 840, "supervised_tokens": 1455, "loss": 7.072290782161872e-05, "gradient_norm": 0.004814430605620146, "learning_rate": 0.0001, "seconds": 2.166688850000014, "elapsed_training_seconds": 237.30468967299998}
{"update": 106, "examples_seen": 848, "supervised_tokens": 1392, "loss": 5.299058375385357e-05, "gradient_norm": 0.001931277452968061, "learning_rate": 0.0001, "seconds": 2.1625106500000015, "elapsed_training_seconds": 239.47310705900003}
{"update": 107, "examples_seen": 856, "supervised_tokens": 1030, "loss": 0.00020190146187815117, "gradient_norm": 0.035833846777677536, "learning_rate": 0.0001, "seconds": 2.349594520999972, "elapsed_training_seconds": 241.828623715}
{"update": 108, "examples_seen": 864, "supervised_tokens": 1164, "loss": 5.887724273634376e-05, "gradient_norm": 0.0022665506694465876, "learning_rate": 0.0001, "seconds": 2.1403276220000294, "elapsed_training_seconds": 243.975010579}
{"update": 109, "examples_seen": 872, "supervised_tokens": 1418, "loss": 0.00020265090506654815, "gradient_norm": 0.021286457777023315, "learning_rate": 0.0001, "seconds": 2.416133295999998, "elapsed_training_seconds": 246.39712871300003}
{"update": 110, "examples_seen": 880, "supervised_tokens": 1277, "loss": 0.0004660463064283249, "gradient_norm": 0.07152604311704636, "learning_rate": 0.0001, "seconds": 2.1709850060000235, "elapsed_training_seconds": 248.574701034}
{"update": 111, "examples_seen": 888, "supervised_tokens": 1335, "loss": 0.00018869255836762022, "gradient_norm": 0.02709474414587021, "learning_rate": 0.0001, "seconds": 2.1425513629999955, "elapsed_training_seconds": 250.723288148}
{"update": 112, "examples_seen": 896, "supervised_tokens": 1438, "loss": 4.0737155359238386e-05, "gradient_norm": 0.0016159091610461473, "learning_rate": 0.0001, "seconds": 2.395654196999999, "elapsed_training_seconds": 253.12512507500003}
{"update": 113, "examples_seen": 904, "supervised_tokens": 1318, "loss": 0.00011293081479379907, "gradient_norm": 0.0069021740928292274, "learning_rate": 0.0001, "seconds": 2.199192392000043, "elapsed_training_seconds": 255.33094612600001}
{"update": 114, "examples_seen": 912, "supervised_tokens": 1355, "loss": 8.60934414959047e-05, "gradient_norm": 0.005902616307139397, "learning_rate": 0.0001, "seconds": 2.199721113999999, "elapsed_training_seconds": 257.53675051}
{"update": 115, "examples_seen": 920, "supervised_tokens": 1422, "loss": 3.692286099976627e-05, "gradient_norm": 0.0013221462722867727, "learning_rate": 0.0001, "seconds": 2.4092923850000147, "elapsed_training_seconds": 259.95201091900003}
{"update": 116, "examples_seen": 928, "supervised_tokens": 1043, "loss": 7.504831637561438e-05, "gradient_norm": 0.0038753009866923094, "learning_rate": 0.0001, "seconds": 1.993262345000005, "elapsed_training_seconds": 261.951700406}
{"update": 117, "examples_seen": 936, "supervised_tokens": 1085, "loss": 9.884586461339495e-05, "gradient_norm": 0.008975125849246979, "learning_rate": 0.0001, "seconds": 2.3381846150000456, "elapsed_training_seconds": 264.29444522200004}
{"update": 118, "examples_seen": 944, "supervised_tokens": 1439, "loss": 4.205912819088553e-05, "gradient_norm": 0.0039699929766356945, "learning_rate": 0.0001, "seconds": 2.2077808239999968, "elapsed_training_seconds": 266.506507476}
{"update": 119, "examples_seen": 952, "supervised_tokens": 1182, "loss": 5.36010074938531e-05, "gradient_norm": 0.0021053217351436615, "learning_rate": 0.0001, "seconds": 2.172074817000066, "elapsed_training_seconds": 268.684969401}
{"update": 120, "examples_seen": 960, "supervised_tokens": 1432, "loss": 3.119670714113454e-05, "gradient_norm": 0.001175509998574853, "learning_rate": 0.0001, "seconds": 2.3678470629999993, "elapsed_training_seconds": 271.059715472}
{"update": 121, "examples_seen": 968, "supervised_tokens": 1080, "loss": 4.905875994154485e-05, "gradient_norm": 0.001753241172991693, "learning_rate": 0.0001, "seconds": 1.9342817100000502, "elapsed_training_seconds": 273.000665604}
{"update": 122, "examples_seen": 976, "supervised_tokens": 1327, "loss": 0.00013406944844973623, "gradient_norm": 0.03805509954690933, "learning_rate": 0.0001, "seconds": 2.1768960240000297, "elapsed_training_seconds": 275.18400693800004}
{"update": 123, "examples_seen": 984, "supervised_tokens": 1480, "loss": 0.0015500645790780254, "gradient_norm": 0.13688015937805176, "learning_rate": 0.0001, "seconds": 2.425848618000032, "elapsed_training_seconds": 277.61677882000004}
{"update": 124, "examples_seen": 992, "supervised_tokens": 1283, "loss": 3.138729107377003e-05, "gradient_norm": 0.0011536222882568836, "learning_rate": 0.0001, "seconds": 2.208645698000055, "elapsed_training_seconds": 279.831453431}
{"update": 125, "examples_seen": 1000, "supervised_tokens": 1222, "loss": 0.00028470667893998325, "gradient_norm": 0.047905925661325455, "learning_rate": 0.0001, "seconds": 2.431977716999995, "elapsed_training_seconds": 282.26979507}
Exactly 125 updates complete; terminal adapter saved.
