Loading checkpoint shards:   0%|          | 0/3 [00:00<?, ?it/s]Loading checkpoint shards:  33%|███▎      | 1/3 [00:00<00:01,  1.47it/s]Loading checkpoint shards:  67%|██████▋   | 2/3 [00:01<00:00,  1.55it/s]Loading checkpoint shards: 100%|██████████| 3/3 [00:01<00:00,  2.27it/s]
{"update": 1, "examples_seen": 8, "supervised_tokens": 1627, "loss": 0.0016006790851861297, "gradient_norm": 0.07323955744504929, "learning_rate": 2e-05, "seconds": 3.533369697000012, "elapsed_training_seconds": 3.533455707999906}
{"update": 2, "examples_seen": 16, "supervised_tokens": 1455, "loss": 0.0031073185018613003, "gradient_norm": 0.09129416197538376, "learning_rate": 4e-05, "seconds": 3.0756306829999858, "elapsed_training_seconds": 6.611340079999991}
{"update": 3, "examples_seen": 24, "supervised_tokens": 1519, "loss": 0.005695073709830467, "gradient_norm": 0.12944595515727997, "learning_rate": 6e-05, "seconds": 3.2552441179999505, "elapsed_training_seconds": 9.867880775000003}
{"update": 4, "examples_seen": 32, "supervised_tokens": 1305, "loss": 0.0007609650533595413, "gradient_norm": 0.049832794815301895, "learning_rate": 8e-05, "seconds": 2.83171164099997, "elapsed_training_seconds": 12.700798541999916}
{"update": 5, "examples_seen": 40, "supervised_tokens": 1308, "loss": 0.002269056133854974, "gradient_norm": 0.1714954376220703, "learning_rate": 0.0001, "seconds": 3.0749991299999238, "elapsed_training_seconds": 15.777401545999965}
{"update": 6, "examples_seen": 48, "supervised_tokens": 1391, "loss": 0.0009735656021803152, "gradient_norm": 0.09127474576234818, "learning_rate": 0.0001, "seconds": 2.697503762999986, "elapsed_training_seconds": 18.476248116999955}
{"update": 7, "examples_seen": 56, "supervised_tokens": 1498, "loss": 0.005592348657955881, "gradient_norm": 0.188764289021492, "learning_rate": 0.0001, "seconds": 3.121915116000082, "elapsed_training_seconds": 21.599643083999922}
{"update": 8, "examples_seen": 64, "supervised_tokens": 1385, "loss": 0.005562099773669615, "gradient_norm": 0.18707643449306488, "learning_rate": 0.0001, "seconds": 3.1134691700000303, "elapsed_training_seconds": 24.714387178999914}
{"update": 9, "examples_seen": 72, "supervised_tokens": 1562, "loss": 0.0037167342507018475, "gradient_norm": 0.11678928136825562, "learning_rate": 0.0001, "seconds": 3.272816105000061, "elapsed_training_seconds": 27.988755916999935}
{"update": 10, "examples_seen": 80, "supervised_tokens": 1429, "loss": 9.509449751021748e-05, "gradient_norm": 0.004198325797915459, "learning_rate": 0.0001, "seconds": 2.7925683689999232, "elapsed_training_seconds": 30.78265765399999}
{"update": 11, "examples_seen": 88, "supervised_tokens": 1549, "loss": 4.678574032368488e-05, "gradient_norm": 0.0013223104178905487, "learning_rate": 0.0001, "seconds": 3.0964429610000934, "elapsed_training_seconds": 33.880842480999945}
{"update": 12, "examples_seen": 96, "supervised_tokens": 1441, "loss": 6.202694839885226e-05, "gradient_norm": 0.0016128181014209986, "learning_rate": 0.0001, "seconds": 3.242423946000031, "elapsed_training_seconds": 37.125234038999906}
{"update": 13, "examples_seen": 104, "supervised_tokens": 1613, "loss": 4.7186782467179e-05, "gradient_norm": 0.0030483617447316647, "learning_rate": 0.0001, "seconds": 3.123934509000037, "elapsed_training_seconds": 40.25068498799999}
{"update": 14, "examples_seen": 112, "supervised_tokens": 1607, "loss": 0.00040505380638933275, "gradient_norm": 0.03863513469696045, "learning_rate": 0.0001, "seconds": 3.2480341650000355, "elapsed_training_seconds": 43.5000782919999}
{"update": 15, "examples_seen": 120, "supervised_tokens": 1393, "loss": 6.567089667441905e-05, "gradient_norm": 0.0027053137309849262, "learning_rate": 0.0001, "seconds": 3.0839795189999677, "elapsed_training_seconds": 46.585587613999905}
{"update": 16, "examples_seen": 128, "supervised_tokens": 1527, "loss": 0.0007609832587149867, "gradient_norm": 0.058082014322280884, "learning_rate": 0.0001, "seconds": 3.1352428860000146, "elapsed_training_seconds": 49.72229852999999}
{"update": 17, "examples_seen": 136, "supervised_tokens": 1556, "loss": 0.0004064601907884935, "gradient_norm": 0.029350927099585533, "learning_rate": 0.0001, "seconds": 3.277937073000089, "elapsed_training_seconds": 53.001777484999934}
{"update": 18, "examples_seen": 144, "supervised_tokens": 1544, "loss": 0.0001200046933718113, "gradient_norm": 0.012020318768918514, "learning_rate": 0.0001, "seconds": 3.094442400000048, "elapsed_training_seconds": 56.097883028999945}
{"update": 19, "examples_seen": 152, "supervised_tokens": 1476, "loss": 0.0006974259517846804, "gradient_norm": 0.04806721583008766, "learning_rate": 0.0001, "seconds": 2.807084273999976, "elapsed_training_seconds": 58.906411091999985}
{"update": 20, "examples_seen": 160, "supervised_tokens": 1330, "loss": 2.0932704956067028e-05, "gradient_norm": 0.0004187497834209353, "learning_rate": 0.0001, "seconds": 2.9352884969999877, "elapsed_training_seconds": 61.84380541299993}
{"update": 21, "examples_seen": 168, "supervised_tokens": 1528, "loss": 2.8958582333871163e-05, "gradient_norm": 0.0004696423711720854, "learning_rate": 0.0001, "seconds": 2.842426165000006, "elapsed_training_seconds": 64.68760726799997}
{"update": 22, "examples_seen": 176, "supervised_tokens": 1492, "loss": 0.00016588664811933995, "gradient_norm": 0.014237591996788979, "learning_rate": 0.0001, "seconds": 3.279787931000101, "elapsed_training_seconds": 67.96881354899995}
{"update": 23, "examples_seen": 184, "supervised_tokens": 1692, "loss": 1.9543331745808246e-05, "gradient_norm": 0.0003864846075884998, "learning_rate": 0.0001, "seconds": 3.174265766000076, "elapsed_training_seconds": 71.14450712399992}
{"update": 24, "examples_seen": 192, "supervised_tokens": 1512, "loss": 0.0002043873143975361, "gradient_norm": 0.013222659938037395, "learning_rate": 0.0001, "seconds": 3.106565133999993, "elapsed_training_seconds": 74.25234372399996}
{"update": 25, "examples_seen": 200, "supervised_tokens": 1562, "loss": 7.81256294430932e-05, "gradient_norm": 0.003945945296436548, "learning_rate": 0.0001, "seconds": 3.2188231360000827, "elapsed_training_seconds": 77.47270493299993}
{"update": 26, "examples_seen": 208, "supervised_tokens": 1568, "loss": 3.7146880913496716e-05, "gradient_norm": 0.0016750828363001347, "learning_rate": 0.0001, "seconds": 3.1468141070000684, "elapsed_training_seconds": 80.62112097399995}
{"update": 27, "examples_seen": 216, "supervised_tokens": 1455, "loss": 3.4547385439509526e-05, "gradient_norm": 0.000987174455076456, "learning_rate": 0.0001, "seconds": 3.0701357409999446, "elapsed_training_seconds": 83.69402232899995}
{"update": 28, "examples_seen": 224, "supervised_tokens": 1488, "loss": 1.801730104489252e-05, "gradient_norm": 0.0004036952741444111, "learning_rate": 0.0001, "seconds": 3.275923081999963, "elapsed_training_seconds": 86.97170608699992}
{"update": 29, "examples_seen": 232, "supervised_tokens": 1364, "loss": 3.2645953297105734e-05, "gradient_norm": 0.0023843268863856792, "learning_rate": 0.0001, "seconds": 3.0979988699999694, "elapsed_training_seconds": 90.0713045519999}
{"update": 30, "examples_seen": 240, "supervised_tokens": 1663, "loss": 0.00031544730995847203, "gradient_norm": 0.039389271289110184, "learning_rate": 0.0001, "seconds": 3.1721094829999856, "elapsed_training_seconds": 93.24474598699999}
{"update": 31, "examples_seen": 248, "supervised_tokens": 1630, "loss": 1.2671169997702236e-05, "gradient_norm": 0.00022025116777513176, "learning_rate": 0.0001, "seconds": 3.2520185899999206, "elapsed_training_seconds": 96.49807728799999}
{"update": 32, "examples_seen": 256, "supervised_tokens": 1602, "loss": 2.1892694348935038e-05, "gradient_norm": 0.0006724724662490189, "learning_rate": 0.0001, "seconds": 3.0965657589999864, "elapsed_training_seconds": 99.596133861}
{"update": 33, "examples_seen": 264, "supervised_tokens": 1307, "loss": 0.0033692580572051156, "gradient_norm": 0.4975643455982208, "learning_rate": 0.0001, "seconds": 3.166679359999989, "elapsed_training_seconds": 102.76441972399994}
{"update": 34, "examples_seen": 272, "supervised_tokens": 1370, "loss": 2.3505825311076478e-05, "gradient_norm": 0.0009028741042129695, "learning_rate": 0.0001, "seconds": 3.0485566060000338, "elapsed_training_seconds": 105.8144938019999}
{"update": 35, "examples_seen": 280, "supervised_tokens": 1492, "loss": 1.4431644331125426e-05, "gradient_norm": 0.0003650495200417936, "learning_rate": 0.0001, "seconds": 3.0592480620000515, "elapsed_training_seconds": 108.875379909}
{"update": 36, "examples_seen": 288, "supervised_tokens": 1181, "loss": 0.006469920887866465, "gradient_norm": 0.42679187655448914, "learning_rate": 0.0001, "seconds": 2.933960006999996, "elapsed_training_seconds": 111.81084303799992}
{"update": 37, "examples_seen": 296, "supervised_tokens": 1431, "loss": 3.598125113057904e-05, "gradient_norm": 0.0019573753233999014, "learning_rate": 0.0001, "seconds": 3.073977275000061, "elapsed_training_seconds": 114.88629735500001}
{"update": 38, "examples_seen": 304, "supervised_tokens": 1402, "loss": 2.5177785573760048e-05, "gradient_norm": 0.0008829355356283486, "learning_rate": 0.0001, "seconds": 3.064317310000092, "elapsed_training_seconds": 117.95235255499995}
{"update": 39, "examples_seen": 312, "supervised_tokens": 1581, "loss": 0.0003301801393718051, "gradient_norm": 0.08029530197381973, "learning_rate": 0.0001, "seconds": 3.208745105000048, "elapsed_training_seconds": 121.1626105009999}
{"update": 40, "examples_seen": 320, "supervised_tokens": 1651, "loss": 0.0006577448618827475, "gradient_norm": 0.10591723024845123, "learning_rate": 0.0001, "seconds": 3.142503304999991, "elapsed_training_seconds": 124.306544056}
{"update": 41, "examples_seen": 328, "supervised_tokens": 1407, "loss": 0.00038410477463912684, "gradient_norm": 0.1206439882516861, "learning_rate": 0.0001, "seconds": 3.0988367250000692, "elapsed_training_seconds": 127.40671771099994}
{"update": 42, "examples_seen": 336, "supervised_tokens": 1342, "loss": 0.000821406819341064, "gradient_norm": 0.13059961795806885, "learning_rate": 0.0001, "seconds": 3.296942432000037, "elapsed_training_seconds": 130.70513065399996}
{"update": 43, "examples_seen": 344, "supervised_tokens": 1566, "loss": 0.00013131471860106103, "gradient_norm": 0.005858764052391052, "learning_rate": 0.0001, "seconds": 3.0705406429999584, "elapsed_training_seconds": 133.77710830799992}
{"update": 44, "examples_seen": 352, "supervised_tokens": 1388, "loss": 1.4789071201448678e-05, "gradient_norm": 0.0002382775128353387, "learning_rate": 0.0001, "seconds": 3.173712081000076, "elapsed_training_seconds": 136.95235865999996}
{"update": 45, "examples_seen": 360, "supervised_tokens": 1616, "loss": 2.0426902892722865e-05, "gradient_norm": 0.000333951145876199, "learning_rate": 0.0001, "seconds": 3.1012999980000586, "elapsed_training_seconds": 140.05525640199994}
{"update": 46, "examples_seen": 368, "supervised_tokens": 1501, "loss": 7.592603651573882e-05, "gradient_norm": 0.00578573253005743, "learning_rate": 0.0001, "seconds": 3.082411384000011, "elapsed_training_seconds": 143.1390890309999}
{"update": 47, "examples_seen": 376, "supervised_tokens": 1387, "loss": 7.10843371507508e-05, "gradient_norm": 0.007015491370111704, "learning_rate": 0.0001, "seconds": 3.1633861489999617, "elapsed_training_seconds": 146.30409660099997}
{"update": 48, "examples_seen": 384, "supervised_tokens": 1652, "loss": 0.00032498104928890825, "gradient_norm": 0.1625514179468155, "learning_rate": 0.0001, "seconds": 3.1471985050000058, "elapsed_training_seconds": 149.45264688999998}
{"update": 49, "examples_seen": 392, "supervised_tokens": 1486, "loss": 2.548348766140407e-05, "gradient_norm": 0.0006952098337933421, "learning_rate": 0.0001, "seconds": 3.076309318999961, "elapsed_training_seconds": 152.53049166899996}
{"update": 50, "examples_seen": 400, "supervised_tokens": 1661, "loss": 2.1169150159039418e-05, "gradient_norm": 0.0007159423548728228, "learning_rate": 0.0001, "seconds": 3.256942102000039, "elapsed_training_seconds": 155.78888769799994}
{"update": 51, "examples_seen": 408, "supervised_tokens": 1422, "loss": 0.0004741766776987788, "gradient_norm": 0.06920874118804932, "learning_rate": 0.0001, "seconds": 3.1091928430000735, "elapsed_training_seconds": 158.89946978499995}
{"update": 52, "examples_seen": 416, "supervised_tokens": 1419, "loss": 1.7169361854030285e-05, "gradient_norm": 0.00024691608268767595, "learning_rate": 0.0001, "seconds": 2.8481840489999968, "elapsed_training_seconds": 161.74908488999995}
{"update": 53, "examples_seen": 424, "supervised_tokens": 1442, "loss": 2.3424619030265603e-05, "gradient_norm": 0.0006014439859427512, "learning_rate": 0.0001, "seconds": 3.1849237999999787, "elapsed_training_seconds": 164.9353812139999}
{"update": 54, "examples_seen": 432, "supervised_tokens": 1602, "loss": 0.0004815497163690452, "gradient_norm": 0.11363919824361801, "learning_rate": 0.0001, "seconds": 3.13233320300003, "elapsed_training_seconds": 168.0693062759999}
{"update": 55, "examples_seen": 440, "supervised_tokens": 1144, "loss": 1.4438944845096557e-05, "gradient_norm": 0.00020808496628887951, "learning_rate": 0.0001, "seconds": 3.155121982999958, "elapsed_training_seconds": 171.22595816699993}
{"update": 56, "examples_seen": 448, "supervised_tokens": 1475, "loss": 2.3411229449266102e-05, "gradient_norm": 0.000430991523899138, "learning_rate": 0.0001, "seconds": 3.105554730999984, "elapsed_training_seconds": 174.3329052649999}
{"update": 57, "examples_seen": 456, "supervised_tokens": 1585, "loss": 7.135564578675258e-05, "gradient_norm": 0.005673508625477552, "learning_rate": 0.0001, "seconds": 3.0962346599999364, "elapsed_training_seconds": 177.430623911}
{"update": 58, "examples_seen": 464, "supervised_tokens": 1670, "loss": 2.3519178057540557e-05, "gradient_norm": 0.0007110501755960286, "learning_rate": 0.0001, "seconds": 3.2207077460000164, "elapsed_training_seconds": 180.65265951999993}
{"update": 59, "examples_seen": 472, "supervised_tokens": 1593, "loss": 1.0670952178770676e-05, "gradient_norm": 0.00015938770957291126, "learning_rate": 0.0001, "seconds": 3.1567724330000146, "elapsed_training_seconds": 183.81108180499996}
{"update": 60, "examples_seen": 480, "supervised_tokens": 1437, "loss": 1.3945723367214669e-05, "gradient_norm": 0.0002121869329130277, "learning_rate": 0.0001, "seconds": 3.0994052180000153, "elapsed_training_seconds": 186.9125642759999}
{"update": 61, "examples_seen": 488, "supervised_tokens": 1419, "loss": 1.4123787650532904e-05, "gradient_norm": 0.00023763276112731546, "learning_rate": 0.0001, "seconds": 3.2477926520000437, "elapsed_training_seconds": 190.161731304}
{"update": 62, "examples_seen": 496, "supervised_tokens": 1403, "loss": 1.5836101738386787e-05, "gradient_norm": 0.0003717440413311124, "learning_rate": 0.0001, "seconds": 3.1244140840000227, "elapsed_training_seconds": 193.287480191}
{"update": 63, "examples_seen": 504, "supervised_tokens": 1631, "loss": 1.72686850419268e-05, "gradient_norm": 0.0003907931677531451, "learning_rate": 0.0001, "seconds": 3.166249541999946, "elapsed_training_seconds": 196.455180219}
{"update": 64, "examples_seen": 512, "supervised_tokens": 1462, "loss": 2.4379065280299983e-05, "gradient_norm": 0.0008783360826782882, "learning_rate": 0.0001, "seconds": 3.346102064999968, "elapsed_training_seconds": 199.802483424}
{"update": 65, "examples_seen": 520, "supervised_tokens": 1472, "loss": 2.6657568241716945e-05, "gradient_norm": 0.001668764976784587, "learning_rate": 0.0001, "seconds": 3.1970361820000335, "elapsed_training_seconds": 203.00116730799994}
{"update": 66, "examples_seen": 528, "supervised_tokens": 1503, "loss": 2.2114806370154838e-05, "gradient_norm": 0.0013745639007538557, "learning_rate": 0.0001, "seconds": 3.271932207999953, "elapsed_training_seconds": 206.27465868499996}
{"update": 67, "examples_seen": 536, "supervised_tokens": 1514, "loss": 1.5073760323502938e-05, "gradient_norm": 0.00023539857647847384, "learning_rate": 0.0001, "seconds": 3.1236101069999904, "elapsed_training_seconds": 209.39961325499996}
{"update": 68, "examples_seen": 544, "supervised_tokens": 1339, "loss": 2.2093993038652116e-05, "gradient_norm": 0.0011009183945134282, "learning_rate": 0.0001, "seconds": 3.1299901969999837, "elapsed_training_seconds": 212.53122618299994}
{"update": 69, "examples_seen": 552, "supervised_tokens": 1527, "loss": 1.3745174555879203e-05, "gradient_norm": 0.00027647349634207785, "learning_rate": 0.0001, "seconds": 3.286797066999952, "elapsed_training_seconds": 215.81960936899998}
{"update": 70, "examples_seen": 560, "supervised_tokens": 1277, "loss": 1.2429348203113477e-05, "gradient_norm": 0.0002161422453355044, "learning_rate": 0.0001, "seconds": 2.860917061000009, "elapsed_training_seconds": 218.68200057699994}
{"update": 71, "examples_seen": 568, "supervised_tokens": 1350, "loss": 2.6508609266784333e-05, "gradient_norm": 0.001467023161239922, "learning_rate": 0.0001, "seconds": 3.122757886000045, "elapsed_training_seconds": 221.80666867999992}
{"update": 72, "examples_seen": 576, "supervised_tokens": 1602, "loss": 2.6458874344825745e-05, "gradient_norm": 0.0017722847405821085, "learning_rate": 0.0001, "seconds": 3.2655084529999385, "elapsed_training_seconds": 225.07341980599995}
{"update": 73, "examples_seen": 584, "supervised_tokens": 1516, "loss": 1.2609296163645922e-05, "gradient_norm": 0.0002258638123748824, "learning_rate": 0.0001, "seconds": 3.138432046999924, "elapsed_training_seconds": 228.21354804499992}
{"update": 74, "examples_seen": 592, "supervised_tokens": 1272, "loss": 1.2408817383402493e-05, "gradient_norm": 0.00016387979849241674, "learning_rate": 0.0001, "seconds": 3.0978990639999893, "elapsed_training_seconds": 231.31278257399993}
{"update": 75, "examples_seen": 600, "supervised_tokens": 1385, "loss": 0.0004279531328847952, "gradient_norm": 0.04100193455815315, "learning_rate": 0.0001, "seconds": 2.9934936759999573, "elapsed_training_seconds": 234.30753947999995}
{"update": 76, "examples_seen": 608, "supervised_tokens": 1394, "loss": 1.3019018638260604e-05, "gradient_norm": 0.00020011590095236897, "learning_rate": 0.0001, "seconds": 3.145466613999929, "elapsed_training_seconds": 237.45446919099993}
{"update": 77, "examples_seen": 616, "supervised_tokens": 1493, "loss": 1.7783988482733548e-05, "gradient_norm": 0.0003382910799700767, "learning_rate": 0.0001, "seconds": 3.2658054329999686, "elapsed_training_seconds": 240.7223334539999}
{"update": 78, "examples_seen": 624, "supervised_tokens": 1511, "loss": 0.0006729413410084817, "gradient_norm": 0.04135414958000183, "learning_rate": 0.0001, "seconds": 2.867134067000052, "elapsed_training_seconds": 243.59079977299996}
{"update": 79, "examples_seen": 632, "supervised_tokens": 1675, "loss": 2.9791278848279035e-05, "gradient_norm": 0.001879811636172235, "learning_rate": 0.0001, "seconds": 3.210015766999959, "elapsed_training_seconds": 246.8026019849999}
{"update": 80, "examples_seen": 640, "supervised_tokens": 1300, "loss": 1.1513280242070323e-05, "gradient_norm": 0.00017886310524772853, "learning_rate": 0.0001, "seconds": 3.0180568189999804, "elapsed_training_seconds": 249.82198711599995}
{"update": 81, "examples_seen": 648, "supervised_tokens": 1603, "loss": 1.6118289750011172e-05, "gradient_norm": 0.0004051153373438865, "learning_rate": 0.0001, "seconds": 3.1732790790000536, "elapsed_training_seconds": 252.99655411699996}
{"update": 82, "examples_seen": 656, "supervised_tokens": 1279, "loss": 2.69685129978825e-05, "gradient_norm": 0.0010517232585698366, "learning_rate": 0.0001, "seconds": 2.8162078839999367, "elapsed_training_seconds": 255.81440233299998}
{"update": 83, "examples_seen": 664, "supervised_tokens": 1419, "loss": 0.0026764176418510033, "gradient_norm": 0.08928653597831726, "learning_rate": 0.0001, "seconds": 3.2590299619999996, "elapsed_training_seconds": 259.0747827189999}
{"update": 84, "examples_seen": 672, "supervised_tokens": 1578, "loss": 1.6618182939964754e-05, "gradient_norm": 0.0005935513763688505, "learning_rate": 0.0001, "seconds": 3.1766539529999136, "elapsed_training_seconds": 262.25298315}
{"update": 85, "examples_seen": 680, "supervised_tokens": 1524, "loss": 2.2417511672756518e-05, "gradient_norm": 0.000767621211707592, "learning_rate": 0.0001, "seconds": 3.1927111440001, "elapsed_training_seconds": 265.44719086199996}
{"update": 86, "examples_seen": 688, "supervised_tokens": 1513, "loss": 0.00026385492719782633, "gradient_norm": 0.017376484349370003, "learning_rate": 0.0001, "seconds": 3.312641491999898, "elapsed_training_seconds": 268.76139485299996}
{"update": 87, "examples_seen": 696, "supervised_tokens": 1508, "loss": 1.701578207757848e-05, "gradient_norm": 0.00030573541880585253, "learning_rate": 0.0001, "seconds": 3.1277617619999774, "elapsed_training_seconds": 271.89066494199994}
{"update": 88, "examples_seen": 704, "supervised_tokens": 1549, "loss": 1.596872311893094e-05, "gradient_norm": 0.00041468319250270724, "learning_rate": 0.0001, "seconds": 3.2634904459999916, "elapsed_training_seconds": 275.15550222799993}
{"update": 89, "examples_seen": 712, "supervised_tokens": 1472, "loss": 6.848179771168361e-05, "gradient_norm": 0.0038528151344507933, "learning_rate": 0.0001, "seconds": 2.8450297319999436, "elapsed_training_seconds": 278.00209825499996}
{"update": 90, "examples_seen": 720, "supervised_tokens": 1539, "loss": 4.1559295141269104e-05, "gradient_norm": 0.001919533358886838, "learning_rate": 0.0001, "seconds": 3.1814888640000163, "elapsed_training_seconds": 281.184937141}
{"update": 91, "examples_seen": 728, "supervised_tokens": 1453, "loss": 0.0005185628633626038, "gradient_norm": 0.0436532162129879, "learning_rate": 0.0001, "seconds": 3.2173973830000477, "elapsed_training_seconds": 284.40380422499993}
{"update": 92, "examples_seen": 736, "supervised_tokens": 1528, "loss": 0.0001138439529313473, "gradient_norm": 0.012279709801077843, "learning_rate": 0.0001, "seconds": 3.0683188120000295, "elapsed_training_seconds": 287.4735290279999}
{"update": 93, "examples_seen": 744, "supervised_tokens": 1200, "loss": 1.619212594050623e-05, "gradient_norm": 0.00036041397834196687, "learning_rate": 0.0001, "seconds": 3.0997961209999403, "elapsed_training_seconds": 290.574916434}
{"update": 94, "examples_seen": 752, "supervised_tokens": 1644, "loss": 1.1231888834117854e-05, "gradient_norm": 0.0001725858310237527, "learning_rate": 0.0001, "seconds": 3.279963852000037, "elapsed_training_seconds": 293.85633053699996}
{"update": 95, "examples_seen": 760, "supervised_tokens": 1619, "loss": 9.716476142784813e-06, "gradient_norm": 0.00014219811419025064, "learning_rate": 0.0001, "seconds": 3.0752659150000454, "elapsed_training_seconds": 296.9332391989999}
{"update": 96, "examples_seen": 768, "supervised_tokens": 1753, "loss": 1.1602761333051603e-05, "gradient_norm": 0.0002081667771562934, "learning_rate": 0.0001, "seconds": 3.1451184459999695, "elapsed_training_seconds": 300.0797154459999}
{"update": 97, "examples_seen": 776, "supervised_tokens": 1649, "loss": 1.005549688670726e-05, "gradient_norm": 0.0001522556267445907, "learning_rate": 0.0001, "seconds": 3.336493967000024, "elapsed_training_seconds": 303.417560363}
{"update": 98, "examples_seen": 784, "supervised_tokens": 1591, "loss": 1.5209869616228389e-05, "gradient_norm": 0.00025160942459478974, "learning_rate": 0.0001, "seconds": 3.124051459000043, "elapsed_training_seconds": 306.54303567399995}
{"update": 99, "examples_seen": 792, "supervised_tokens": 1503, "loss": 1.420932051132695e-05, "gradient_norm": 0.00037726215668953955, "learning_rate": 0.0001, "seconds": 3.2171001140000044, "elapsed_training_seconds": 309.76149611999995}
{"update": 100, "examples_seen": 800, "supervised_tokens": 1702, "loss": 1.0312342055840418e-05, "gradient_norm": 0.00015500250447075814, "learning_rate": 0.0001, "seconds": 3.164515118000054, "elapsed_training_seconds": 312.928210487}
{"update": 101, "examples_seen": 808, "supervised_tokens": 1623, "loss": 1.509233777596819e-05, "gradient_norm": 0.00041861869976855814, "learning_rate": 0.0001, "seconds": 3.1600726189999477, "elapsed_training_seconds": 316.089614205}
{"update": 102, "examples_seen": 816, "supervised_tokens": 1382, "loss": 1.1716649396475987e-05, "gradient_norm": 0.00039069587364792824, "learning_rate": 0.0001, "seconds": 3.3066127729999835, "elapsed_training_seconds": 319.3976517499999}
{"update": 103, "examples_seen": 824, "supervised_tokens": 1531, "loss": 1.5078415799507638e-05, "gradient_norm": 0.0002996392431668937, "learning_rate": 0.0001, "seconds": 3.1499651840000524, "elapsed_training_seconds": 322.549009255}
{"update": 104, "examples_seen": 832, "supervised_tokens": 1370, "loss": 3.557321258540469e-05, "gradient_norm": 0.001851010019890964, "learning_rate": 0.0001, "seconds": 2.8508456419999675, "elapsed_training_seconds": 325.40133981099996}
{"update": 105, "examples_seen": 840, "supervised_tokens": 1679, "loss": 1.319970851909602e-05, "gradient_norm": 0.0010195417562499642, "learning_rate": 0.0001, "seconds": 3.284215845999938, "elapsed_training_seconds": 328.68705614099997}
{"update": 106, "examples_seen": 848, "supervised_tokens": 1360, "loss": 1.1393979661988851e-05, "gradient_norm": 0.00021142084733583033, "learning_rate": 0.0001, "seconds": 3.10406066500002, "elapsed_training_seconds": 331.7925629079999}
{"update": 107, "examples_seen": 856, "supervised_tokens": 1384, "loss": 9.962506851479702e-06, "gradient_norm": 0.0001363603660138324, "learning_rate": 0.0001, "seconds": 2.853830635999998, "elapsed_training_seconds": 334.647927678}
{"update": 108, "examples_seen": 864, "supervised_tokens": 1243, "loss": 7.56365091092448e-06, "gradient_norm": 0.00011032639304175973, "learning_rate": 0.0001, "seconds": 2.6730200909998985, "elapsed_training_seconds": 337.322365313}
{"update": 109, "examples_seen": 872, "supervised_tokens": 1436, "loss": 1.1515631967995432e-05, "gradient_norm": 0.0001742910098982975, "learning_rate": 0.0001, "seconds": 3.0747131789999003, "elapsed_training_seconds": 340.39861366699995}
{"update": 110, "examples_seen": 880, "supervised_tokens": 1516, "loss": 9.898332791635767e-06, "gradient_norm": 0.00016880575276445597, "learning_rate": 0.0001, "seconds": 3.255076976000055, "elapsed_training_seconds": 343.65516644699994}
{"update": 111, "examples_seen": 888, "supervised_tokens": 1632, "loss": 1.266798130927782e-05, "gradient_norm": 0.0004036711761727929, "learning_rate": 0.0001, "seconds": 3.1586177010000256, "elapsed_training_seconds": 346.81526033299997}
{"update": 112, "examples_seen": 896, "supervised_tokens": 1419, "loss": 5.235539788372989e-05, "gradient_norm": 0.002555812243372202, "learning_rate": 0.0001, "seconds": 2.827942986000039, "elapsed_training_seconds": 349.6444851289999}
{"update": 113, "examples_seen": 904, "supervised_tokens": 1415, "loss": 7.411565547954524e-06, "gradient_norm": 9.450446668779477e-05, "learning_rate": 0.0001, "seconds": 3.18964090399993, "elapsed_training_seconds": 352.8356687779999}
{"update": 114, "examples_seen": 912, "supervised_tokens": 1398, "loss": 1.915217558234872e-05, "gradient_norm": 0.001658778521232307, "learning_rate": 0.0001, "seconds": 3.142195418999904, "elapsed_training_seconds": 355.97909295599993}
{"update": 115, "examples_seen": 920, "supervised_tokens": 1305, "loss": 4.0549079358243034e-05, "gradient_norm": 0.003384294919669628, "learning_rate": 0.0001, "seconds": 3.121622479999928, "elapsed_training_seconds": 359.10217035999995}
{"update": 116, "examples_seen": 928, "supervised_tokens": 1434, "loss": 1.1607919759626384e-05, "gradient_norm": 0.0005019422387704253, "learning_rate": 0.0001, "seconds": 2.9699273699999367, "elapsed_training_seconds": 362.073447353}
{"update": 117, "examples_seen": 936, "supervised_tokens": 1445, "loss": 6.8153325400999165e-06, "gradient_norm": 8.022007386898622e-05, "learning_rate": 0.0001, "seconds": 3.1099472900000364, "elapsed_training_seconds": 365.1848325049999}
{"update": 118, "examples_seen": 944, "supervised_tokens": 1700, "loss": 0.00010163372178340069, "gradient_norm": 0.010021086782217026, "learning_rate": 0.0001, "seconds": 3.1941497479999725, "elapsed_training_seconds": 368.38015403099996}
{"update": 119, "examples_seen": 952, "supervised_tokens": 1608, "loss": 1.156472774255235e-05, "gradient_norm": 0.00032495069899596274, "learning_rate": 0.0001, "seconds": 3.2835208479999665, "elapsed_training_seconds": 371.6651074209999}
{"update": 120, "examples_seen": 960, "supervised_tokens": 1451, "loss": 9.99737767415354e-06, "gradient_norm": 0.0001877628092188388, "learning_rate": 0.0001, "seconds": 3.173782415000005, "elapsed_training_seconds": 374.84103941599994}
{"update": 121, "examples_seen": 968, "supervised_tokens": 1532, "loss": 8.755518138059415e-06, "gradient_norm": 0.00020784694061148912, "learning_rate": 0.0001, "seconds": 3.2531941920000236, "elapsed_training_seconds": 378.0956315799999}
{"update": 122, "examples_seen": 976, "supervised_tokens": 1543, "loss": 1.1071058793277189e-05, "gradient_norm": 0.0007243359577842057, "learning_rate": 0.0001, "seconds": 3.170098717999963, "elapsed_training_seconds": 381.26736654599995}
{"update": 123, "examples_seen": 984, "supervised_tokens": 1645, "loss": 1.2871721992269158e-05, "gradient_norm": 0.0008536671521142125, "learning_rate": 0.0001, "seconds": 3.1963453299999856, "elapsed_training_seconds": 384.464981686}
{"update": 124, "examples_seen": 992, "supervised_tokens": 1586, "loss": 5.5820439683884615e-06, "gradient_norm": 7.284872117452323e-05, "learning_rate": 0.0001, "seconds": 3.277058387000011, "elapsed_training_seconds": 387.74374126199996}
{"update": 125, "examples_seen": 1000, "supervised_tokens": 1273, "loss": 6.137637569736398e-06, "gradient_norm": 7.057932089082897e-05, "learning_rate": 0.0001, "seconds": 2.7873238710000123, "elapsed_training_seconds": 390.53230688199994}
Exactly 125 updates complete; terminal adapter saved.
