Fetching 3 files:   0%|          | 0/3 [00:00<?, ?it/s]Fetching 3 files:  33%|███▎      | 1/3 [00:03<00:07,  3.80s/it]Fetching 3 files:  67%|██████▋   | 2/3 [00:14<00:07,  7.03s/it]Fetching 3 files: 100%|██████████| 3/3 [00:16<00:00,  5.45s/it]Fetching 3 files: 100%|██████████| 3/3 [00:16<00:00,  5.45s/it]
Loading checkpoint shards:   0%|          | 0/3 [00:00<?, ?it/s]Loading checkpoint shards: 100%|██████████| 3/3 [00:00<00:00, 57.41it/s]
{"update": 1, "examples_seen": 8, "supervised_tokens": 1343, "loss": 0.38724127039313316, "gradient_norm": 1.7769150733947754, "learning_rate": 2e-05, "seconds": 3.654224849000002, "elapsed_training_seconds": 3.6543051590000175}
{"update": 2, "examples_seen": 16, "supervised_tokens": 1374, "loss": 0.42730072885751724, "gradient_norm": 1.6480480432510376, "learning_rate": 4e-05, "seconds": 3.1964062520000027, "elapsed_training_seconds": 6.858921479000003}
{"update": 3, "examples_seen": 24, "supervised_tokens": 926, "loss": 0.298959206789732, "gradient_norm": 1.332501769065857, "learning_rate": 6e-05, "seconds": 2.5135611549999908, "elapsed_training_seconds": 9.374669068000003}
{"update": 4, "examples_seen": 32, "supervised_tokens": 1387, "loss": 0.2987881451845169, "gradient_norm": 1.174284815788269, "learning_rate": 8e-05, "seconds": 3.0359104680000257, "elapsed_training_seconds": 12.414567188000007}
{"update": 5, "examples_seen": 40, "supervised_tokens": 1052, "loss": 0.1978929452598095, "gradient_norm": 0.709047794342041, "learning_rate": 0.0001, "seconds": 3.1512338710000165, "elapsed_training_seconds": 15.567079744000011}
{"update": 6, "examples_seen": 48, "supervised_tokens": 901, "loss": 0.11613587290048599, "gradient_norm": 0.783673882484436, "learning_rate": 0.0001, "seconds": 2.247579399999978, "elapsed_training_seconds": 17.816433581000013}
{"update": 7, "examples_seen": 56, "supervised_tokens": 1442, "loss": 0.05575518682599068, "gradient_norm": 0.49315953254699707, "learning_rate": 0.0001, "seconds": 3.198759319000004, "elapsed_training_seconds": 21.016330513000014}
{"update": 8, "examples_seen": 64, "supervised_tokens": 1031, "loss": 0.052903625182807446, "gradient_norm": 0.5739513635635376, "learning_rate": 0.0001, "seconds": 3.044662727000002, "elapsed_training_seconds": 24.06235744700001}
{"update": 9, "examples_seen": 72, "supervised_tokens": 1298, "loss": 0.031009827507659793, "gradient_norm": 0.5031051635742188, "learning_rate": 0.0001, "seconds": 3.026874214000003, "elapsed_training_seconds": 27.090586988000013}
{"update": 10, "examples_seen": 80, "supervised_tokens": 1419, "loss": 0.023133823066018522, "gradient_norm": 0.42732226848602295, "learning_rate": 0.0001, "seconds": 3.159398866999993, "elapsed_training_seconds": 30.25111934900002}
{"update": 11, "examples_seen": 88, "supervised_tokens": 1344, "loss": 0.016022633877582848, "gradient_norm": 0.5363812446594238, "learning_rate": 0.0001, "seconds": 3.0709396519999927, "elapsed_training_seconds": 33.32354700100001}
{"update": 12, "examples_seen": 96, "supervised_tokens": 1277, "loss": 0.020141543122008443, "gradient_norm": 0.30722275376319885, "learning_rate": 0.0001, "seconds": 3.028268902999997, "elapsed_training_seconds": 36.353368515}
{"update": 13, "examples_seen": 104, "supervised_tokens": 885, "loss": 0.007581200392451137, "gradient_norm": 0.12345971912145615, "learning_rate": 0.0001, "seconds": 2.870078066000019, "elapsed_training_seconds": 39.22594759100002}
{"update": 14, "examples_seen": 112, "supervised_tokens": 1258, "loss": 0.013995190805871971, "gradient_norm": 0.21847088634967804, "learning_rate": 0.0001, "seconds": 2.771647791000021, "elapsed_training_seconds": 41.99899176300002}
{"update": 15, "examples_seen": 120, "supervised_tokens": 1449, "loss": 0.008115441247355193, "gradient_norm": 0.1045871153473854, "learning_rate": 0.0001, "seconds": 3.1679760599999724, "elapsed_training_seconds": 45.16827771000001}
{"update": 16, "examples_seen": 128, "supervised_tokens": 1409, "loss": 0.0035044058167841285, "gradient_norm": 0.06562313437461853, "learning_rate": 0.0001, "seconds": 2.7969714359999784, "elapsed_training_seconds": 47.966742718000006}
{"update": 17, "examples_seen": 136, "supervised_tokens": 1340, "loss": 0.007102753152139485, "gradient_norm": 0.1281459480524063, "learning_rate": 0.0001, "seconds": 3.0409721720000107, "elapsed_training_seconds": 51.009184033000025}
{"update": 18, "examples_seen": 144, "supervised_tokens": 1337, "loss": 0.00929076157626696, "gradient_norm": 0.11313324421644211, "learning_rate": 0.0001, "seconds": 3.200435330000005, "elapsed_training_seconds": 54.211915971999986}
{"update": 19, "examples_seen": 152, "supervised_tokens": 1254, "loss": 0.007151716621592641, "gradient_norm": 0.09586329013109207, "learning_rate": 0.0001, "seconds": 3.0325397219999672, "elapsed_training_seconds": 57.245764071999986}
{"update": 20, "examples_seen": 160, "supervised_tokens": 1116, "loss": 0.008196596812922508, "gradient_norm": 0.0770311951637268, "learning_rate": 0.0001, "seconds": 2.9873108580000007, "elapsed_training_seconds": 60.23496733000002}
{"update": 21, "examples_seen": 168, "supervised_tokens": 1256, "loss": 0.006528712634462863, "gradient_norm": 0.11814069747924805, "learning_rate": 0.0001, "seconds": 3.16734676599998, "elapsed_training_seconds": 63.40402429300002}
{"update": 22, "examples_seen": 176, "supervised_tokens": 1154, "loss": 0.006956106575671583, "gradient_norm": 0.11670166999101639, "learning_rate": 0.0001, "seconds": 3.038042238999992, "elapsed_training_seconds": 66.443840711}
{"update": 23, "examples_seen": 184, "supervised_tokens": 1403, "loss": 0.005669588455930352, "gradient_norm": 0.08984091132879257, "learning_rate": 0.0001, "seconds": 3.0408132990000354, "elapsed_training_seconds": 69.48599113900002}
{"update": 24, "examples_seen": 192, "supervised_tokens": 1354, "loss": 0.003104373230598867, "gradient_norm": 0.053761076182127, "learning_rate": 0.0001, "seconds": 3.214449540999965, "elapsed_training_seconds": 72.70198645400001}
{"update": 25, "examples_seen": 200, "supervised_tokens": 1286, "loss": 0.005492848693393171, "gradient_norm": 0.11068584769964218, "learning_rate": 0.0001, "seconds": 3.011861625999984, "elapsed_training_seconds": 75.71509924700001}
{"update": 26, "examples_seen": 208, "supervised_tokens": 1318, "loss": 0.0017595079116290435, "gradient_norm": 0.04042550176382065, "learning_rate": 0.0001, "seconds": 3.1685309810000035, "elapsed_training_seconds": 78.88499377800002}
{"update": 27, "examples_seen": 216, "supervised_tokens": 1159, "loss": 0.010115204961039126, "gradient_norm": 0.12681803107261658, "learning_rate": 0.0001, "seconds": 3.0512950750000414, "elapsed_training_seconds": 81.93759484200001}
{"update": 28, "examples_seen": 224, "supervised_tokens": 1298, "loss": 0.00117562068044208, "gradient_norm": 0.022365031763911247, "learning_rate": 0.0001, "seconds": 3.040165095999953, "elapsed_training_seconds": 84.97904239600001}
{"update": 29, "examples_seen": 232, "supervised_tokens": 1212, "loss": 0.004452508605027106, "gradient_norm": 0.11418535560369492, "learning_rate": 0.0001, "seconds": 3.1581276080000293, "elapsed_training_seconds": 88.138787799}
{"update": 30, "examples_seen": 240, "supervised_tokens": 1351, "loss": 0.003931981904315762, "gradient_norm": 0.0751713216304779, "learning_rate": 0.0001, "seconds": 2.998364584000001, "elapsed_training_seconds": 91.13844222099999}
{"update": 31, "examples_seen": 248, "supervised_tokens": 1156, "loss": 0.0013699276896659285, "gradient_norm": 0.03408105671405792, "learning_rate": 0.0001, "seconds": 3.050180881000017, "elapsed_training_seconds": 94.18987788000004}
{"update": 32, "examples_seen": 256, "supervised_tokens": 1359, "loss": 0.001845466875238344, "gradient_norm": 0.05709690600633621, "learning_rate": 0.0001, "seconds": 3.195173516000011, "elapsed_training_seconds": 97.386518588}
{"update": 33, "examples_seen": 264, "supervised_tokens": 1322, "loss": 0.0007769903386360966, "gradient_norm": 0.04010463505983353, "learning_rate": 0.0001, "seconds": 3.0329191310000283, "elapsed_training_seconds": 100.420826218}
{"update": 34, "examples_seen": 272, "supervised_tokens": 1244, "loss": 0.0022665104115731083, "gradient_norm": 0.0892942026257515, "learning_rate": 0.0001, "seconds": 3.158178733999989, "elapsed_training_seconds": 103.60614475700004}
{"update": 35, "examples_seen": 280, "supervised_tokens": 1211, "loss": 0.00086315944645321, "gradient_norm": 0.03535996377468109, "learning_rate": 0.0001, "seconds": 2.999919571000021, "elapsed_training_seconds": 106.6074481}
{"update": 36, "examples_seen": 288, "supervised_tokens": 1361, "loss": 0.0017849459145509172, "gradient_norm": 0.11161058396100998, "learning_rate": 0.0001, "seconds": 3.0579975450000347, "elapsed_training_seconds": 109.66690359699999}
{"update": 37, "examples_seen": 296, "supervised_tokens": 1207, "loss": 0.0012099408413632773, "gradient_norm": 0.07480702549219131, "learning_rate": 0.0001, "seconds": 3.1925274479999644, "elapsed_training_seconds": 112.86097036000001}
{"update": 38, "examples_seen": 304, "supervised_tokens": 1441, "loss": 0.0009079379815375432, "gradient_norm": 0.05877501145005226, "learning_rate": 0.0001, "seconds": 3.064323763999994, "elapsed_training_seconds": 115.92716999800001}
{"update": 39, "examples_seen": 312, "supervised_tokens": 1459, "loss": 0.0006532412917295005, "gradient_norm": 0.028123270720243454, "learning_rate": 0.0001, "seconds": 3.04326834699998, "elapsed_training_seconds": 118.971822815}
{"update": 40, "examples_seen": 320, "supervised_tokens": 1059, "loss": 0.0011386890764697455, "gradient_norm": 0.0634225532412529, "learning_rate": 0.0001, "seconds": 3.1931769830000007, "elapsed_training_seconds": 122.166781018}
{"update": 41, "examples_seen": 328, "supervised_tokens": 1522, "loss": 0.00027517322087078355, "gradient_norm": 0.007910225540399551, "learning_rate": 0.0001, "seconds": 3.0683741660000123, "elapsed_training_seconds": 125.23649791400004}
{"update": 42, "examples_seen": 336, "supervised_tokens": 1125, "loss": 0.0041945379962271545, "gradient_norm": 0.11901987344026566, "learning_rate": 0.0001, "seconds": 2.913643161999971, "elapsed_training_seconds": 128.15166868}
{"update": 43, "examples_seen": 344, "supervised_tokens": 1295, "loss": 0.00029489861844922416, "gradient_norm": 0.016992276534438133, "learning_rate": 0.0001, "seconds": 3.04137169400002, "elapsed_training_seconds": 131.19410244800002}
{"update": 44, "examples_seen": 352, "supervised_tokens": 1316, "loss": 0.000249041331699118, "gradient_norm": 0.008822906762361526, "learning_rate": 0.0001, "seconds": 3.041492826000024, "elapsed_training_seconds": 134.236760791}
{"update": 45, "examples_seen": 360, "supervised_tokens": 1418, "loss": 0.0008187350285879802, "gradient_norm": 0.13260845839977264, "learning_rate": 0.0001, "seconds": 3.2161029730000337, "elapsed_training_seconds": 137.453930738}
{"update": 46, "examples_seen": 368, "supervised_tokens": 1463, "loss": 0.00017040888087649364, "gradient_norm": 0.00635765865445137, "learning_rate": 0.0001, "seconds": 3.0705117340000356, "elapsed_training_seconds": 140.52558659700003}
{"update": 47, "examples_seen": 376, "supervised_tokens": 1102, "loss": 0.00015257425911840983, "gradient_norm": 0.005178299266844988, "learning_rate": 0.0001, "seconds": 2.764443333000031, "elapsed_training_seconds": 143.29101225099998}
{"update": 48, "examples_seen": 384, "supervised_tokens": 1329, "loss": 0.00012055787919962313, "gradient_norm": 0.002884853398427367, "learning_rate": 0.0001, "seconds": 3.233517749999976, "elapsed_training_seconds": 146.525902692}
{"update": 49, "examples_seen": 392, "supervised_tokens": 1511, "loss": 0.001269827833311865, "gradient_norm": 0.3059017062187195, "learning_rate": 0.0001, "seconds": 3.061269746999983, "elapsed_training_seconds": 149.588342656}
{"update": 50, "examples_seen": 400, "supervised_tokens": 1313, "loss": 0.0038971410376689164, "gradient_norm": 0.32372182607650757, "learning_rate": 0.0001, "seconds": 3.220342747000018, "elapsed_training_seconds": 152.810167956}
{"update": 51, "examples_seen": 408, "supervised_tokens": 1412, "loss": 0.00013260403738968307, "gradient_norm": 0.004788720048964024, "learning_rate": 0.0001, "seconds": 3.0361767800000052, "elapsed_training_seconds": 155.84876230000003}
{"update": 52, "examples_seen": 416, "supervised_tokens": 1444, "loss": 7.999903482414084e-05, "gradient_norm": 0.0018817391246557236, "learning_rate": 0.0001, "seconds": 3.0643754870000066, "elapsed_training_seconds": 158.9146826}
{"update": 53, "examples_seen": 424, "supervised_tokens": 1530, "loss": 0.00016534813403268345, "gradient_norm": 0.009451964870095253, "learning_rate": 0.0001, "seconds": 3.221600835000004, "elapsed_training_seconds": 162.13864299800002}
{"update": 54, "examples_seen": 432, "supervised_tokens": 1349, "loss": 0.00034199223318864824, "gradient_norm": 0.02381366863846779, "learning_rate": 0.0001, "seconds": 3.01701304300002, "elapsed_training_seconds": 165.156965481}
{"update": 55, "examples_seen": 440, "supervised_tokens": 1384, "loss": 0.00019739271556318272, "gradient_norm": 0.00776349101215601, "learning_rate": 0.0001, "seconds": 3.0497756280000203, "elapsed_training_seconds": 168.20804630700002}
{"update": 56, "examples_seen": 448, "supervised_tokens": 1157, "loss": 0.0008198570922104409, "gradient_norm": 0.06931018829345703, "learning_rate": 0.0001, "seconds": 3.179067367000016, "elapsed_training_seconds": 171.388535268}
{"update": 57, "examples_seen": 456, "supervised_tokens": 1097, "loss": 0.0001221937891386915, "gradient_norm": 0.00645793043076992, "learning_rate": 0.0001, "seconds": 3.0302843679999683, "elapsed_training_seconds": 174.42025637900002}
{"update": 58, "examples_seen": 464, "supervised_tokens": 1360, "loss": 0.0008090955434454372, "gradient_norm": 0.07346266508102417, "learning_rate": 0.0001, "seconds": 3.1960615899999993, "elapsed_training_seconds": 177.61764739}
{"update": 59, "examples_seen": 472, "supervised_tokens": 1374, "loss": 0.00013312390274222707, "gradient_norm": 0.011420069262385368, "learning_rate": 0.0001, "seconds": 3.035044330000005, "elapsed_training_seconds": 180.654467602}
{"update": 60, "examples_seen": 480, "supervised_tokens": 1193, "loss": 0.00014955272035876988, "gradient_norm": 0.009508487768471241, "learning_rate": 0.0001, "seconds": 3.0407702059999906, "elapsed_training_seconds": 183.69670945300004}
{"update": 61, "examples_seen": 488, "supervised_tokens": 1364, "loss": 0.0006815111119067296, "gradient_norm": 0.03282754123210907, "learning_rate": 0.0001, "seconds": 3.199011699000039, "elapsed_training_seconds": 186.897478954}
{"update": 62, "examples_seen": 496, "supervised_tokens": 1174, "loss": 7.685092532483395e-05, "gradient_norm": 0.0022429812233895063, "learning_rate": 0.0001, "seconds": 2.8080913370000076, "elapsed_training_seconds": 189.706950193}
{"update": 63, "examples_seen": 504, "supervised_tokens": 1379, "loss": 0.0008467476136502228, "gradient_norm": 0.11080154031515121, "learning_rate": 0.0001, "seconds": 3.032722954999997, "elapsed_training_seconds": 192.741124103}
{"update": 64, "examples_seen": 512, "supervised_tokens": 1482, "loss": 0.00010638135336193955, "gradient_norm": 0.0048100827261805534, "learning_rate": 0.0001, "seconds": 3.214102158000003, "elapsed_training_seconds": 195.95676388700002}
{"update": 65, "examples_seen": 520, "supervised_tokens": 1376, "loss": 5.268708991934545e-05, "gradient_norm": 0.0012193204602226615, "learning_rate": 0.0001, "seconds": 3.0679913520000355, "elapsed_training_seconds": 199.02610951100002}
{"update": 66, "examples_seen": 528, "supervised_tokens": 1137, "loss": 8.233779681177111e-05, "gradient_norm": 0.0022751924116164446, "learning_rate": 0.0001, "seconds": 3.016991673000007, "elapsed_training_seconds": 202.04467384100002}
{"update": 67, "examples_seen": 536, "supervised_tokens": 1413, "loss": 8.969032933237031e-05, "gradient_norm": 0.0033275296445935965, "learning_rate": 0.0001, "seconds": 3.1814793539999755, "elapsed_training_seconds": 205.227419044}
{"update": 68, "examples_seen": 544, "supervised_tokens": 1360, "loss": 4.703928061644547e-05, "gradient_norm": 0.001055728062056005, "learning_rate": 0.0001, "seconds": 3.0616648520000354, "elapsed_training_seconds": 208.290331465}
{"update": 69, "examples_seen": 552, "supervised_tokens": 1159, "loss": 0.00028905919862154406, "gradient_norm": 0.01660214178264141, "learning_rate": 0.0001, "seconds": 3.172680963999994, "elapsed_training_seconds": 211.464459444}
{"update": 70, "examples_seen": 560, "supervised_tokens": 1169, "loss": 0.00023951634102559183, "gradient_norm": 0.01896919496357441, "learning_rate": 0.0001, "seconds": 2.9990384149999727, "elapsed_training_seconds": 214.46537244400002}
{"update": 71, "examples_seen": 568, "supervised_tokens": 1452, "loss": 0.0001157173937826883, "gradient_norm": 0.004884455353021622, "learning_rate": 0.0001, "seconds": 3.0786741050000046, "elapsed_training_seconds": 217.54600406600002}
{"update": 72, "examples_seen": 576, "supervised_tokens": 1327, "loss": 0.0001259482651221333, "gradient_norm": 0.016406571492552757, "learning_rate": 0.0001, "seconds": 3.2059908240000254, "elapsed_training_seconds": 220.753564408}
{"update": 73, "examples_seen": 584, "supervised_tokens": 1099, "loss": 7.853780516597908e-05, "gradient_norm": 0.0034979479387402534, "learning_rate": 0.0001, "seconds": 3.0311276369999973, "elapsed_training_seconds": 223.786224452}
{"update": 74, "examples_seen": 592, "supervised_tokens": 1376, "loss": 6.043879511707928e-05, "gradient_norm": 0.0021698419004678726, "learning_rate": 0.0001, "seconds": 3.0299018780000324, "elapsed_training_seconds": 226.817840971}
{"update": 75, "examples_seen": 600, "supervised_tokens": 1373, "loss": 6.663723524980014e-05, "gradient_norm": 0.001655815402045846, "learning_rate": 0.0001, "seconds": 3.1903055529999733, "elapsed_training_seconds": 230.011264478}
{"update": 76, "examples_seen": 608, "supervised_tokens": 1151, "loss": 4.4646442802331876e-05, "gradient_norm": 0.0011634815018624067, "learning_rate": 0.0001, "seconds": 2.7841403599999808, "elapsed_training_seconds": 232.796995826}
{"update": 77, "examples_seen": 616, "supervised_tokens": 1442, "loss": 6.723957085341681e-05, "gradient_norm": 0.003095449646934867, "learning_rate": 0.0001, "seconds": 3.2127300920000152, "elapsed_training_seconds": 236.011155142}
{"update": 78, "examples_seen": 624, "supervised_tokens": 1343, "loss": 4.975095180270728e-05, "gradient_norm": 0.0015894154785200953, "learning_rate": 0.0001, "seconds": 3.028516341999989, "elapsed_training_seconds": 239.041185779}
{"update": 79, "examples_seen": 632, "supervised_tokens": 1317, "loss": 0.00012818701179639902, "gradient_norm": 0.03015231341123581, "learning_rate": 0.0001, "seconds": 3.0279921779999768, "elapsed_training_seconds": 242.07062885300002}
{"update": 80, "examples_seen": 640, "supervised_tokens": 1272, "loss": 3.5879199003829854e-05, "gradient_norm": 0.0008483479032292962, "learning_rate": 0.0001, "seconds": 2.9272974309999995, "elapsed_training_seconds": 244.999415758}
{"update": 81, "examples_seen": 648, "supervised_tokens": 1008, "loss": 7.841602473490639e-05, "gradient_norm": 0.004950464703142643, "learning_rate": 0.0001, "seconds": 2.7826642090000178, "elapsed_training_seconds": 247.78367167300001}
{"update": 82, "examples_seen": 656, "supervised_tokens": 1315, "loss": 2.773452433757484e-05, "gradient_norm": 0.0008201196324080229, "learning_rate": 0.0001, "seconds": 3.0565893049999886, "elapsed_training_seconds": 250.84236073700004}
{"update": 83, "examples_seen": 664, "supervised_tokens": 1397, "loss": 0.0001130705418290745, "gradient_norm": 0.012744356878101826, "learning_rate": 0.0001, "seconds": 3.214462513000001, "elapsed_training_seconds": 254.058335146}
{"update": 84, "examples_seen": 672, "supervised_tokens": 1279, "loss": 5.953233494437882e-05, "gradient_norm": 0.0026671993546187878, "learning_rate": 0.0001, "seconds": 3.0506649560000483, "elapsed_training_seconds": 257.11080845500004}
{"update": 85, "examples_seen": 680, "supervised_tokens": 1153, "loss": 8.713166607776657e-05, "gradient_norm": 0.004155741538852453, "learning_rate": 0.0001, "seconds": 3.152206766000006, "elapsed_training_seconds": 260.264622819}
{"update": 86, "examples_seen": 688, "supervised_tokens": 1130, "loss": 6.336466367429239e-05, "gradient_norm": 0.004879008512943983, "learning_rate": 0.0001, "seconds": 3.06209681200005, "elapsed_training_seconds": 263.328288547}
{"update": 87, "examples_seen": 696, "supervised_tokens": 1323, "loss": 5.597389917966211e-05, "gradient_norm": 0.005541723221540451, "learning_rate": 0.0001, "seconds": 3.0787677100000224, "elapsed_training_seconds": 266.40863529300003}
{"update": 88, "examples_seen": 704, "supervised_tokens": 1061, "loss": 2.8896525236632442e-05, "gradient_norm": 0.0009721111855469644, "learning_rate": 0.0001, "seconds": 2.930808190999983, "elapsed_training_seconds": 269.34109854400003}
{"update": 89, "examples_seen": 712, "supervised_tokens": 1459, "loss": 2.075552492897259e-05, "gradient_norm": 0.0005471942713484168, "learning_rate": 0.0001, "seconds": 3.053034792999995, "elapsed_training_seconds": 272.395622831}
{"update": 90, "examples_seen": 720, "supervised_tokens": 1242, "loss": 4.5889951252320316e-05, "gradient_norm": 0.00203818641602993, "learning_rate": 0.0001, "seconds": 3.0632767110000145, "elapsed_training_seconds": 275.46058575}
{"update": 91, "examples_seen": 728, "supervised_tokens": 1361, "loss": 0.000314949050789437, "gradient_norm": 0.0806940421462059, "learning_rate": 0.0001, "seconds": 3.221360885000024, "elapsed_training_seconds": 278.683716375}
{"update": 92, "examples_seen": 736, "supervised_tokens": 1008, "loss": 5.142342888575513e-05, "gradient_norm": 0.0026187102776020765, "learning_rate": 0.0001, "seconds": 2.7680323200000316, "elapsed_training_seconds": 281.453436784}
{"update": 93, "examples_seen": 744, "supervised_tokens": 1358, "loss": 0.0001644110279812594, "gradient_norm": 0.04538176208734512, "learning_rate": 0.0001, "seconds": 3.1876982200000157, "elapsed_training_seconds": 284.643509689}
{"update": 94, "examples_seen": 752, "supervised_tokens": 1299, "loss": 7.158157450248837e-05, "gradient_norm": 0.00547818886116147, "learning_rate": 0.0001, "seconds": 3.0307473240000036, "elapsed_training_seconds": 287.675788109}
{"update": 95, "examples_seen": 760, "supervised_tokens": 1312, "loss": 2.450277315801941e-05, "gradient_norm": 0.0005564335151575506, "learning_rate": 0.0001, "seconds": 2.9913682289999883, "elapsed_training_seconds": 290.66878633600004}
{"update": 96, "examples_seen": 768, "supervised_tokens": 1402, "loss": 0.001962100589480542, "gradient_norm": 0.1315443068742752, "learning_rate": 0.0001, "seconds": 3.165595117999999, "elapsed_training_seconds": 293.835903469}
{"update": 97, "examples_seen": 776, "supervised_tokens": 1438, "loss": 2.607348233141238e-05, "gradient_norm": 0.0007346027414314449, "learning_rate": 0.0001, "seconds": 3.0815952140000036, "elapsed_training_seconds": 296.918999908}
{"update": 98, "examples_seen": 784, "supervised_tokens": 1284, "loss": 2.5059807740035467e-05, "gradient_norm": 0.000725146965123713, "learning_rate": 0.0001, "seconds": 3.0346755699999903, "elapsed_training_seconds": 299.955122701}
{"update": 99, "examples_seen": 792, "supervised_tokens": 1446, "loss": 2.979416467496776e-05, "gradient_norm": 0.000977503601461649, "learning_rate": 0.0001, "seconds": 3.2013259820000144, "elapsed_training_seconds": 303.157831905}
{"update": 100, "examples_seen": 800, "supervised_tokens": 1315, "loss": 0.0003355197754899564, "gradient_norm": 0.029715541750192642, "learning_rate": 0.0001, "seconds": 3.04847829900001, "elapsed_training_seconds": 306.207857319}
{"update": 101, "examples_seen": 808, "supervised_tokens": 1118, "loss": 4.924558515995159e-05, "gradient_norm": 0.002033138182014227, "learning_rate": 0.0001, "seconds": 3.1519208930000104, "elapsed_training_seconds": 309.361165783}
{"update": 102, "examples_seen": 816, "supervised_tokens": 1408, "loss": 5.238574249233352e-05, "gradient_norm": 0.001990392105653882, "learning_rate": 0.0001, "seconds": 3.0800749180000366, "elapsed_training_seconds": 312.44322642599997}
{"update": 103, "examples_seen": 824, "supervised_tokens": 1204, "loss": 3.616058256739052e-05, "gradient_norm": 0.00259135733358562, "learning_rate": 0.0001, "seconds": 2.9402838729999985, "elapsed_training_seconds": 315.385148128}
{"update": 104, "examples_seen": 832, "supervised_tokens": 1307, "loss": 1.7549984249853878e-05, "gradient_norm": 0.0003558278549462557, "learning_rate": 0.0001, "seconds": 2.9279300979999334, "elapsed_training_seconds": 318.314519588}
{"update": 105, "examples_seen": 840, "supervised_tokens": 1455, "loss": 0.00020170108791717212, "gradient_norm": 0.024987971410155296, "learning_rate": 0.0001, "seconds": 3.071572250000031, "elapsed_training_seconds": 321.387473921}
{"update": 106, "examples_seen": 848, "supervised_tokens": 1392, "loss": 4.458187504496891e-05, "gradient_norm": 0.0017448610160499811, "learning_rate": 0.0001, "seconds": 3.0522702660000505, "elapsed_training_seconds": 324.44151052600006}
{"update": 107, "examples_seen": 856, "supervised_tokens": 1030, "loss": 0.002791063407130423, "gradient_norm": 0.10629668831825256, "learning_rate": 0.0001, "seconds": 3.146175019999987, "elapsed_training_seconds": 327.58900332700006}
{"update": 108, "examples_seen": 864, "supervised_tokens": 1164, "loss": 3.2824615573190385e-05, "gradient_norm": 0.0008910391479730606, "learning_rate": 0.0001, "seconds": 3.044971956999916, "elapsed_training_seconds": 330.63528882500003}
{"update": 109, "examples_seen": 872, "supervised_tokens": 1418, "loss": 0.0005140249845680955, "gradient_norm": 0.10353340208530426, "learning_rate": 0.0001, "seconds": 3.0506065670000453, "elapsed_training_seconds": 333.687331775}
{"update": 110, "examples_seen": 880, "supervised_tokens": 1277, "loss": 6.013398206050624e-05, "gradient_norm": 0.009719125926494598, "learning_rate": 0.0001, "seconds": 3.12527610799998, "elapsed_training_seconds": 336.81415122900006}
{"update": 111, "examples_seen": 888, "supervised_tokens": 1335, "loss": 0.0002936322382538492, "gradient_norm": 0.06236838921904564, "learning_rate": 0.0001, "seconds": 3.0495822450000105, "elapsed_training_seconds": 339.865291788}
{"update": 112, "examples_seen": 896, "supervised_tokens": 1438, "loss": 2.8307928005233407e-05, "gradient_norm": 0.001364943222142756, "learning_rate": 0.0001, "seconds": 3.225700004000032, "elapsed_training_seconds": 343.09288088600005}
{"update": 113, "examples_seen": 904, "supervised_tokens": 1318, "loss": 0.00018278598281540326, "gradient_norm": 0.0719778835773468, "learning_rate": 0.0001, "seconds": 3.0653725679999297, "elapsed_training_seconds": 346.16004957499996}
{"update": 114, "examples_seen": 912, "supervised_tokens": 1355, "loss": 0.00017000849402393214, "gradient_norm": 0.017235077917575836, "learning_rate": 0.0001, "seconds": 3.0451867619999575, "elapsed_training_seconds": 349.20682609299996}
{"update": 115, "examples_seen": 920, "supervised_tokens": 1422, "loss": 5.463111483550165e-05, "gradient_norm": 0.003768971422687173, "learning_rate": 0.0001, "seconds": 3.1689317459999984, "elapsed_training_seconds": 352.37720127200004}
{"update": 116, "examples_seen": 928, "supervised_tokens": 1043, "loss": 0.0003994244198111119, "gradient_norm": 0.032991278916597366, "learning_rate": 0.0001, "seconds": 2.7400535270001, "elapsed_training_seconds": 355.118561369}
{"update": 117, "examples_seen": 936, "supervised_tokens": 1085, "loss": 9.140664224105421e-05, "gradient_norm": 0.004815506283193827, "learning_rate": 0.0001, "seconds": 3.0356023809999897, "elapsed_training_seconds": 358.15582751799997}
{"update": 118, "examples_seen": 944, "supervised_tokens": 1439, "loss": 0.0005509593506758392, "gradient_norm": 0.110222727060318, "learning_rate": 0.0001, "seconds": 3.1853009960000236, "elapsed_training_seconds": 361.342428824}
{"update": 119, "examples_seen": 952, "supervised_tokens": 1182, "loss": 5.800046710646711e-05, "gradient_norm": 0.0021255232859402895, "learning_rate": 0.0001, "seconds": 2.9926750480000237, "elapsed_training_seconds": 364.336495933}
{"update": 120, "examples_seen": 960, "supervised_tokens": 1432, "loss": 3.603579079936026e-05, "gradient_norm": 0.001562926103360951, "learning_rate": 0.0001, "seconds": 3.1857523989999663, "elapsed_training_seconds": 367.523848676}
{"update": 121, "examples_seen": 968, "supervised_tokens": 1080, "loss": 4.316588274377864e-05, "gradient_norm": 0.001199460355564952, "learning_rate": 0.0001, "seconds": 2.780829093999955, "elapsed_training_seconds": 370.305959998}
{"update": 122, "examples_seen": 976, "supervised_tokens": 1327, "loss": 4.025130374429864e-05, "gradient_norm": 0.0024272622540593147, "learning_rate": 0.0001, "seconds": 3.005344872999899, "elapsed_training_seconds": 373.312784894}
{"update": 123, "examples_seen": 984, "supervised_tokens": 1480, "loss": 4.6407758418354206e-05, "gradient_norm": 0.003419684711843729, "learning_rate": 0.0001, "seconds": 3.230846035000013, "elapsed_training_seconds": 376.54548486900006}
{"update": 124, "examples_seen": 992, "supervised_tokens": 1283, "loss": 5.044943213761144e-05, "gradient_norm": 0.0042992508970201015, "learning_rate": 0.0001, "seconds": 3.012388146000035, "elapsed_training_seconds": 379.55945719799996}
{"update": 125, "examples_seen": 1000, "supervised_tokens": 1222, "loss": 2.09792442547041e-05, "gradient_norm": 0.0005845466512255371, "learning_rate": 0.0001, "seconds": 3.0211108749999767, "elapsed_training_seconds": 382.581859761}
Exactly 125 updates complete; terminal adapter saved.
