Loading checkpoint shards:   0%|          | 0/3 [00:00<?, ?it/s]Loading checkpoint shards:  33%|███▎      | 1/3 [00:00<00:00,  2.17it/s]Loading checkpoint shards:  67%|██████▋   | 2/3 [00:00<00:00,  2.30it/s]Loading checkpoint shards: 100%|██████████| 3/3 [00:00<00:00,  3.37it/s]
{"update": 1, "examples_seen": 8, "supervised_tokens": 1401, "loss": 5.925524510530522e-05, "gradient_norm": 0.0016681209672242403, "learning_rate": 2e-05, "seconds": 3.513688724000076, "elapsed_training_seconds": 3.5137849669999923}
{"update": 2, "examples_seen": 16, "supervised_tokens": 1287, "loss": 7.797722810209962e-05, "gradient_norm": 0.004036367870867252, "learning_rate": 4e-05, "seconds": 3.0177706730000864, "elapsed_training_seconds": 6.533398373999944}
{"update": 3, "examples_seen": 24, "supervised_tokens": 1412, "loss": 4.22341950070404e-05, "gradient_norm": 0.0011306569213047624, "learning_rate": 6e-05, "seconds": 3.05018939699994, "elapsed_training_seconds": 9.585343343999966}
{"update": 4, "examples_seen": 32, "supervised_tokens": 1407, "loss": 6.266951709221757e-05, "gradient_norm": 0.011458572000265121, "learning_rate": 8e-05, "seconds": 3.178643544999886, "elapsed_training_seconds": 12.765649459000088}
{"update": 5, "examples_seen": 40, "supervised_tokens": 1356, "loss": 1.420708713339991e-05, "gradient_norm": 0.0002305026864632964, "learning_rate": 0.0001, "seconds": 2.9673659009999938, "elapsed_training_seconds": 15.734528775999934}
{"update": 6, "examples_seen": 48, "supervised_tokens": 1449, "loss": 8.801143280834367e-06, "gradient_norm": 0.0003145948867313564, "learning_rate": 0.0001, "seconds": 3.0105415220000395, "elapsed_training_seconds": 18.746675026000048}
{"update": 7, "examples_seen": 56, "supervised_tokens": 1411, "loss": 0.0005433987478227209, "gradient_norm": 0.13414323329925537, "learning_rate": 0.0001, "seconds": 3.1887590149999596, "elapsed_training_seconds": 21.937257343000056}
{"update": 8, "examples_seen": 64, "supervised_tokens": 1481, "loss": 8.7648727458145e-06, "gradient_norm": 0.0006251026643440127, "learning_rate": 0.0001, "seconds": 3.0266107709999233, "elapsed_training_seconds": 24.965596474999984}
{"update": 9, "examples_seen": 72, "supervised_tokens": 1331, "loss": 5.7542596323401085e-06, "gradient_norm": 9.365992445964366e-05, "learning_rate": 0.0001, "seconds": 3.1852379310000742, "elapsed_training_seconds": 28.152520587000026}
{"update": 10, "examples_seen": 80, "supervised_tokens": 1304, "loss": 5.365674041968305e-06, "gradient_norm": 8.728750981390476e-05, "learning_rate": 0.0001, "seconds": 3.0283667229998628, "elapsed_training_seconds": 31.18234098400012}
{"update": 11, "examples_seen": 88, "supervised_tokens": 1382, "loss": 1.2500070170062827e-05, "gradient_norm": 0.0009250643197447062, "learning_rate": 0.0001, "seconds": 3.0373058940001556, "elapsed_training_seconds": 34.22117133400002}
{"update": 12, "examples_seen": 96, "supervised_tokens": 1438, "loss": 4.087224908744247e-06, "gradient_norm": 4.900060230283998e-05, "learning_rate": 0.0001, "seconds": 3.1883698540000296, "elapsed_training_seconds": 37.41128828000001}
{"update": 13, "examples_seen": 104, "supervised_tokens": 1252, "loss": 7.968176333861265e-05, "gradient_norm": 0.0076642208732664585, "learning_rate": 0.0001, "seconds": 2.75486327800013, "elapsed_training_seconds": 40.16804600399996}
{"update": 14, "examples_seen": 112, "supervised_tokens": 1482, "loss": 5.004073102554685e-06, "gradient_norm": 9.57807496888563e-05, "learning_rate": 0.0001, "seconds": 3.0511337400000684, "elapsed_training_seconds": 43.22090272600008}
{"update": 15, "examples_seen": 120, "supervised_tokens": 1133, "loss": 6.437194542741054e-06, "gradient_norm": 9.313203190686181e-05, "learning_rate": 0.0001, "seconds": 2.895012880999957, "elapsed_training_seconds": 46.11746060299993}
{"update": 16, "examples_seen": 128, "supervised_tokens": 1439, "loss": 1.1623797433912841e-05, "gradient_norm": 0.0005013456684537232, "learning_rate": 0.0001, "seconds": 3.076631783000039, "elapsed_training_seconds": 49.19587005800008}
{"update": 17, "examples_seen": 136, "supervised_tokens": 1478, "loss": 5.421897100177375e-05, "gradient_norm": 0.006608608178794384, "learning_rate": 0.0001, "seconds": 3.21069525300004, "elapsed_training_seconds": 52.408110318000126}
{"update": 18, "examples_seen": 144, "supervised_tokens": 1282, "loss": 7.347495056819753e-06, "gradient_norm": 0.00032822455978021026, "learning_rate": 0.0001, "seconds": 3.070178862000148, "elapsed_training_seconds": 55.48006588199996}
{"update": 19, "examples_seen": 152, "supervised_tokens": 1443, "loss": 5.976518025363475e-06, "gradient_norm": 0.0005277431337162852, "learning_rate": 0.0001, "seconds": 3.0488885720001235, "elapsed_training_seconds": 58.53055139100002}
{"update": 20, "examples_seen": 160, "supervised_tokens": 1099, "loss": 4.406317884786404e-06, "gradient_norm": 6.0052741901017725e-05, "learning_rate": 0.0001, "seconds": 3.1558703299999706, "elapsed_training_seconds": 61.68808547000003}
{"update": 21, "examples_seen": 168, "supervised_tokens": 1406, "loss": 1.4505309252399456e-05, "gradient_norm": 0.0011693015694618225, "learning_rate": 0.0001, "seconds": 3.0698452849999285, "elapsed_training_seconds": 64.75960354300014}
{"update": 22, "examples_seen": 176, "supervised_tokens": 1257, "loss": 3.4473413279556553e-06, "gradient_norm": 5.539396443055011e-05, "learning_rate": 0.0001, "seconds": 2.916873934000023, "elapsed_training_seconds": 67.67814370700012}
{"update": 23, "examples_seen": 184, "supervised_tokens": 1319, "loss": 4.919753791909898e-06, "gradient_norm": 0.00011591972725000232, "learning_rate": 0.0001, "seconds": 2.993857121999781, "elapsed_training_seconds": 70.67360341500012}
{"update": 24, "examples_seen": 192, "supervised_tokens": 1298, "loss": 6.881478441300715e-06, "gradient_norm": 0.00016766271437518299, "learning_rate": 0.0001, "seconds": 2.7899244859997907, "elapsed_training_seconds": 73.46510827700013}
{"update": 25, "examples_seen": 200, "supervised_tokens": 1407, "loss": 4.009292240425566e-06, "gradient_norm": 0.00011855682532768697, "learning_rate": 0.0001, "seconds": 3.205435105000106, "elapsed_training_seconds": 76.67212420700002}
{"update": 26, "examples_seen": 208, "supervised_tokens": 1361, "loss": 5.063911885372363e-06, "gradient_norm": 0.00011071752669522539, "learning_rate": 0.0001, "seconds": 3.030655519999982, "elapsed_training_seconds": 79.70433421400003}
{"update": 27, "examples_seen": 216, "supervised_tokens": 1367, "loss": 4.59428989074695e-06, "gradient_norm": 0.00015768763842061162, "learning_rate": 0.0001, "seconds": 3.059359134000033, "elapsed_training_seconds": 82.76496045599993}
{"update": 28, "examples_seen": 224, "supervised_tokens": 1291, "loss": 0.0004948716033936762, "gradient_norm": 0.10302883386611938, "learning_rate": 0.0001, "seconds": 3.174745113999961, "elapsed_training_seconds": 85.94183639099992}
{"update": 29, "examples_seen": 232, "supervised_tokens": 1487, "loss": 5.127553777128924e-06, "gradient_norm": 0.00016550121654290706, "learning_rate": 0.0001, "seconds": 3.0942559979998805, "elapsed_training_seconds": 89.03771781699993}
{"update": 30, "examples_seen": 240, "supervised_tokens": 1114, "loss": 4.48533136250262e-05, "gradient_norm": 0.0033938398119062185, "learning_rate": 0.0001, "seconds": 3.1679462479999074, "elapsed_training_seconds": 92.20717841999999}
{"update": 31, "examples_seen": 248, "supervised_tokens": 1254, "loss": 0.00025797917379577484, "gradient_norm": 0.032938938587903976, "learning_rate": 0.0001, "seconds": 3.0399917160000314, "elapsed_training_seconds": 95.24889590700013}
{"update": 32, "examples_seen": 256, "supervised_tokens": 961, "loss": 1.8639503139183944e-05, "gradient_norm": 0.0016597793437540531, "learning_rate": 0.0001, "seconds": 2.77798489099996, "elapsed_training_seconds": 98.02840362200004}
{"update": 33, "examples_seen": 264, "supervised_tokens": 1451, "loss": 2.0257700327874772e-05, "gradient_norm": 0.001265337923541665, "learning_rate": 0.0001, "seconds": 3.184640004999892, "elapsed_training_seconds": 101.21440115700011}
{"update": 34, "examples_seen": 272, "supervised_tokens": 1444, "loss": 4.794497527882413e-06, "gradient_norm": 0.00018014220404438674, "learning_rate": 0.0001, "seconds": 3.0655317959999593, "elapsed_training_seconds": 104.28215544299997}
{"update": 35, "examples_seen": 280, "supervised_tokens": 1443, "loss": 0.008583092900749989, "gradient_norm": 0.3492974638938904, "learning_rate": 0.0001, "seconds": 3.055691367999998, "elapsed_training_seconds": 107.339340687}
{"update": 36, "examples_seen": 288, "supervised_tokens": 1440, "loss": 1.9761003301255187e-05, "gradient_norm": 0.001553893554955721, "learning_rate": 0.0001, "seconds": 3.199742991999983, "elapsed_training_seconds": 110.54058293399999}
{"update": 37, "examples_seen": 296, "supervised_tokens": 1245, "loss": 2.2578100242753862e-06, "gradient_norm": 2.1124113118276e-05, "learning_rate": 0.0001, "seconds": 2.792093985999827, "elapsed_training_seconds": 113.33430721700006}
{"update": 38, "examples_seen": 304, "supervised_tokens": 1369, "loss": 6.291478456432742e-06, "gradient_norm": 0.0003116763837169856, "learning_rate": 0.0001, "seconds": 3.17487896800003, "elapsed_training_seconds": 116.51067089899993}
{"update": 39, "examples_seen": 312, "supervised_tokens": 1132, "loss": 3.641291129952151e-06, "gradient_norm": 0.0001152010663645342, "learning_rate": 0.0001, "seconds": 2.7600808469999265, "elapsed_training_seconds": 119.27212252899994}
{"update": 40, "examples_seen": 320, "supervised_tokens": 1476, "loss": 2.9094508391835916e-05, "gradient_norm": 0.005204552318900824, "learning_rate": 0.0001, "seconds": 3.070681774999912, "elapsed_training_seconds": 122.344647355}
{"update": 41, "examples_seen": 328, "supervised_tokens": 1361, "loss": 3.7519986335610156e-06, "gradient_norm": 0.000269758835202083, "learning_rate": 0.0001, "seconds": 3.1994142539999757, "elapsed_training_seconds": 125.54534765900007}
{"update": 42, "examples_seen": 336, "supervised_tokens": 1402, "loss": 3.4913557556137675e-06, "gradient_norm": 6.68681095703505e-05, "learning_rate": 0.0001, "seconds": 3.0722499900000457, "elapsed_training_seconds": 128.61914512499993}
{"update": 43, "examples_seen": 344, "supervised_tokens": 1333, "loss": 0.0022078209847791186, "gradient_norm": 0.09543992578983307, "learning_rate": 0.0001, "seconds": 3.0271178580001106, "elapsed_training_seconds": 131.647767229}
{"update": 44, "examples_seen": 352, "supervised_tokens": 1324, "loss": 0.00033729444703567424, "gradient_norm": 0.02085304819047451, "learning_rate": 0.0001, "seconds": 3.146901154000034, "elapsed_training_seconds": 134.796165707}
{"update": 45, "examples_seen": 360, "supervised_tokens": 1301, "loss": 1.3151534062671999e-05, "gradient_norm": 0.0006876438274048269, "learning_rate": 0.0001, "seconds": 3.0676990150000165, "elapsed_training_seconds": 137.86522024300007}
{"update": 46, "examples_seen": 368, "supervised_tokens": 1545, "loss": 1.2286691571716801e-05, "gradient_norm": 0.00085329485591501, "learning_rate": 0.0001, "seconds": 3.0919141330000457, "elapsed_training_seconds": 140.958756795}
{"update": 47, "examples_seen": 376, "supervised_tokens": 1477, "loss": 0.00044115043976944435, "gradient_norm": 0.04383721202611923, "learning_rate": 0.0001, "seconds": 3.200452078999888, "elapsed_training_seconds": 144.16073157899996}
{"update": 48, "examples_seen": 384, "supervised_tokens": 1402, "loss": 8.517070114066883e-06, "gradient_norm": 0.0007282895967364311, "learning_rate": 0.0001, "seconds": 2.9718482330001734, "elapsed_training_seconds": 147.134337363}
{"update": 49, "examples_seen": 392, "supervised_tokens": 1361, "loss": 8.740663230355494e-05, "gradient_norm": 0.026897333562374115, "learning_rate": 0.0001, "seconds": 3.192933986000071, "elapsed_training_seconds": 150.32885693499998}
{"update": 50, "examples_seen": 400, "supervised_tokens": 1220, "loss": 2.2485274882910744e-05, "gradient_norm": 0.0009896195260807872, "learning_rate": 0.0001, "seconds": 2.8049525720000474, "elapsed_training_seconds": 153.135382553}
{"update": 51, "examples_seen": 408, "supervised_tokens": 1324, "loss": 1.911285079359004e-05, "gradient_norm": 0.001114244107156992, "learning_rate": 0.0001, "seconds": 2.7785353340000256, "elapsed_training_seconds": 155.91539092099993}
{"update": 52, "examples_seen": 416, "supervised_tokens": 1138, "loss": 2.173699147078878e-05, "gradient_norm": 0.0008021629182621837, "learning_rate": 0.0001, "seconds": 2.950366927999994, "elapsed_training_seconds": 158.86731349499996}
{"update": 53, "examples_seen": 424, "supervised_tokens": 1437, "loss": 0.0024713034822525515, "gradient_norm": 0.08711007982492447, "learning_rate": 0.0001, "seconds": 3.001395246000129, "elapsed_training_seconds": 161.87011673200004}
{"update": 54, "examples_seen": 432, "supervised_tokens": 1186, "loss": 6.200477730544662e-05, "gradient_norm": 0.003798559308052063, "learning_rate": 0.0001, "seconds": 3.036678011000049, "elapsed_training_seconds": 164.90867941500005}
{"update": 55, "examples_seen": 440, "supervised_tokens": 1111, "loss": 1.745468296121544e-05, "gradient_norm": 0.0004395487776491791, "learning_rate": 0.0001, "seconds": 3.155172443000083, "elapsed_training_seconds": 168.06562415000008}
{"update": 56, "examples_seen": 448, "supervised_tokens": 1471, "loss": 2.7173908392796875e-05, "gradient_norm": 0.0017795235617086291, "learning_rate": 0.0001, "seconds": 3.07232704199987, "elapsed_training_seconds": 171.13967459200012}
{"update": 57, "examples_seen": 456, "supervised_tokens": 1474, "loss": 2.643008588165685e-05, "gradient_norm": 0.0012995927827432752, "learning_rate": 0.0001, "seconds": 3.0550752930000726, "elapsed_training_seconds": 174.1962880220001}
{"update": 58, "examples_seen": 464, "supervised_tokens": 1407, "loss": 1.3704344951293024e-05, "gradient_norm": 0.0004936993937008083, "learning_rate": 0.0001, "seconds": 3.149433899999849, "elapsed_training_seconds": 177.34714533600004}
{"update": 59, "examples_seen": 472, "supervised_tokens": 1516, "loss": 1.3475451510203129e-05, "gradient_norm": 0.0004841372719965875, "learning_rate": 0.0001, "seconds": 3.0972426169998926, "elapsed_training_seconds": 180.4457487950001}
{"update": 60, "examples_seen": 480, "supervised_tokens": 1328, "loss": 1.9425167351982964e-05, "gradient_norm": 0.0007555282209068537, "learning_rate": 0.0001, "seconds": 3.154575389999991, "elapsed_training_seconds": 183.60209163500008}
{"update": 61, "examples_seen": 488, "supervised_tokens": 1395, "loss": 1.1508995839903946e-05, "gradient_norm": 0.0003300818207208067, "learning_rate": 0.0001, "seconds": 3.0369246549998934, "elapsed_training_seconds": 186.64041820400007}
{"update": 62, "examples_seen": 496, "supervised_tokens": 1265, "loss": 9.304798368248157e-06, "gradient_norm": 0.0002461311814840883, "learning_rate": 0.0001, "seconds": 3.0573174900000595, "elapsed_training_seconds": 189.699152507}
{"update": 63, "examples_seen": 504, "supervised_tokens": 1444, "loss": 4.937580058594904e-05, "gradient_norm": 0.004079902078956366, "learning_rate": 0.0001, "seconds": 3.1572797149999587, "elapsed_training_seconds": 192.85795064700005}
{"update": 64, "examples_seen": 512, "supervised_tokens": 1120, "loss": 2.8958831364889193e-05, "gradient_norm": 0.0016646276926621795, "learning_rate": 0.0001, "seconds": 2.788747578999846, "elapsed_training_seconds": 195.64827419200014}
{"update": 65, "examples_seen": 520, "supervised_tokens": 1235, "loss": 9.19714375413605e-06, "gradient_norm": 0.00031506209052167833, "learning_rate": 0.0001, "seconds": 2.764835531000017, "elapsed_training_seconds": 198.41454694599997}
{"update": 66, "examples_seen": 528, "supervised_tokens": 1443, "loss": 0.0002572343250903941, "gradient_norm": 0.022939492017030716, "learning_rate": 0.0001, "seconds": 3.1444392350001635, "elapsed_training_seconds": 201.56056759700004}
{"update": 67, "examples_seen": 536, "supervised_tokens": 1399, "loss": 0.00013402777972260083, "gradient_norm": 0.019400082528591156, "learning_rate": 0.0001, "seconds": 3.0337699599999723, "elapsed_training_seconds": 204.59617193999998}
{"update": 68, "examples_seen": 544, "supervised_tokens": 1231, "loss": 0.0008232485789108068, "gradient_norm": 0.3106195032596588, "learning_rate": 0.0001, "seconds": 3.0626049819998116, "elapsed_training_seconds": 207.66032470100004}
{"update": 69, "examples_seen": 552, "supervised_tokens": 1372, "loss": 1.2119993584747135e-05, "gradient_norm": 0.0002247686352347955, "learning_rate": 0.0001, "seconds": 3.1931789539999045, "elapsed_training_seconds": 210.85497460700003}
{"update": 70, "examples_seen": 560, "supervised_tokens": 1281, "loss": 1.6863335304151406e-05, "gradient_norm": 0.000690704386215657, "learning_rate": 0.0001, "seconds": 2.7873613049998767, "elapsed_training_seconds": 213.64397346200008}
{"update": 71, "examples_seen": 568, "supervised_tokens": 1399, "loss": 5.235389858171402e-05, "gradient_norm": 0.0056669823825359344, "learning_rate": 0.0001, "seconds": 3.1562040989999787, "elapsed_training_seconds": 216.80169613800012}
{"update": 72, "examples_seen": 576, "supervised_tokens": 1193, "loss": 4.749187951347267e-06, "gradient_norm": 8.582903683418408e-05, "learning_rate": 0.0001, "seconds": 2.790542101000028, "elapsed_training_seconds": 219.59382023500007}
{"update": 73, "examples_seen": 584, "supervised_tokens": 1199, "loss": 0.00024340300916492197, "gradient_norm": 0.07008569687604904, "learning_rate": 0.0001, "seconds": 2.729680887999848, "elapsed_training_seconds": 222.32537770700014}
{"update": 74, "examples_seen": 592, "supervised_tokens": 1379, "loss": 5.7646189020488237e-05, "gradient_norm": 0.011259784922003746, "learning_rate": 0.0001, "seconds": 3.157678414999964, "elapsed_training_seconds": 225.4846545380001}
{"update": 75, "examples_seen": 600, "supervised_tokens": 1437, "loss": 6.928244886239554e-06, "gradient_norm": 0.0001405368238920346, "learning_rate": 0.0001, "seconds": 3.0587260539998624, "elapsed_training_seconds": 228.54493960800005}
{"update": 76, "examples_seen": 608, "supervised_tokens": 1332, "loss": 7.007530484770541e-06, "gradient_norm": 0.00013468292308971286, "learning_rate": 0.0001, "seconds": 3.0795485400001326, "elapsed_training_seconds": 231.62638096199998}
{"update": 77, "examples_seen": 616, "supervised_tokens": 1478, "loss": 0.00016190403914606577, "gradient_norm": 0.00782963540405035, "learning_rate": 0.0001, "seconds": 3.1882784990000346, "elapsed_training_seconds": 234.81659353600003}
{"update": 78, "examples_seen": 624, "supervised_tokens": 1523, "loss": 1.5587133589178848e-05, "gradient_norm": 0.0005217201542109251, "learning_rate": 0.0001, "seconds": 3.0710795910001707, "elapsed_training_seconds": 237.889289856}
{"update": 79, "examples_seen": 632, "supervised_tokens": 1208, "loss": 5.3579661994263006e-05, "gradient_norm": 0.01550606545060873, "learning_rate": 0.0001, "seconds": 3.0477750479999486, "elapsed_training_seconds": 240.93860780800014}
{"update": 80, "examples_seen": 640, "supervised_tokens": 1441, "loss": 2.110842763158871e-05, "gradient_norm": 0.0009313270566053689, "learning_rate": 0.0001, "seconds": 3.197503134000044, "elapsed_training_seconds": 244.137762072}
{"update": 81, "examples_seen": 648, "supervised_tokens": 1332, "loss": 1.832959924286115e-05, "gradient_norm": 0.0005882324185222387, "learning_rate": 0.0001, "seconds": 3.0227797039999587, "elapsed_training_seconds": 247.16197620899993}
{"update": 82, "examples_seen": 656, "supervised_tokens": 1223, "loss": 6.542349848359663e-05, "gradient_norm": 0.0045950147323310375, "learning_rate": 0.0001, "seconds": 2.9307550959999844, "elapsed_training_seconds": 250.09458727700007}
{"update": 83, "examples_seen": 664, "supervised_tokens": 1492, "loss": 5.121363756188657e-06, "gradient_norm": 0.00010151127207791433, "learning_rate": 0.0001, "seconds": 3.0848587150001094, "elapsed_training_seconds": 253.18098363700005}
{"update": 84, "examples_seen": 672, "supervised_tokens": 1360, "loss": 1.7756217289388587e-05, "gradient_norm": 0.0008038762025535107, "learning_rate": 0.0001, "seconds": 3.0205677310000283, "elapsed_training_seconds": 256.20342735200006}
{"update": 85, "examples_seen": 680, "supervised_tokens": 1333, "loss": 1.4405891420210537e-05, "gradient_norm": 0.0004471707215998322, "learning_rate": 0.0001, "seconds": 3.1832804719999785, "elapsed_training_seconds": 259.388156448}
{"update": 86, "examples_seen": 688, "supervised_tokens": 1524, "loss": 1.8337496953790833e-05, "gradient_norm": 0.0011691359104588628, "learning_rate": 0.0001, "seconds": 3.083592465000038, "elapsed_training_seconds": 262.47320562699997}
{"update": 87, "examples_seen": 696, "supervised_tokens": 1439, "loss": 7.5238183399051195e-06, "gradient_norm": 0.00021218392066657543, "learning_rate": 0.0001, "seconds": 3.078068146000078, "elapsed_training_seconds": 265.553047933}
{"update": 88, "examples_seen": 704, "supervised_tokens": 1401, "loss": 1.4862682405691885e-05, "gradient_norm": 0.0009891322115436196, "learning_rate": 0.0001, "seconds": 3.196185443000104, "elapsed_training_seconds": 268.75068616}
{"update": 89, "examples_seen": 712, "supervised_tokens": 1552, "loss": 3.6699182487609505e-05, "gradient_norm": 0.007012545131146908, "learning_rate": 0.0001, "seconds": 3.0906065179999587, "elapsed_training_seconds": 271.8427534520001}
{"update": 90, "examples_seen": 720, "supervised_tokens": 1449, "loss": 3.565673031857841e-05, "gradient_norm": 0.0027593954000622034, "learning_rate": 0.0001, "seconds": 3.0858223960001396, "elapsed_training_seconds": 274.9302287570001}
{"update": 91, "examples_seen": 728, "supervised_tokens": 1372, "loss": 9.857412521796505e-06, "gradient_norm": 0.0003422695735935122, "learning_rate": 0.0001, "seconds": 3.171768211999961, "elapsed_training_seconds": 278.10440841600007}
{"update": 92, "examples_seen": 736, "supervised_tokens": 1290, "loss": 5.39902359264488e-06, "gradient_norm": 0.00015650906425435096, "learning_rate": 0.0001, "seconds": 3.0500581320000038, "elapsed_training_seconds": 281.15596609199997}
{"update": 93, "examples_seen": 744, "supervised_tokens": 1376, "loss": 9.337353333194187e-06, "gradient_norm": 0.00035482749808579683, "learning_rate": 0.0001, "seconds": 3.1954416070000207, "elapsed_training_seconds": 284.3530350660001}
{"update": 94, "examples_seen": 752, "supervised_tokens": 1373, "loss": 0.005285568117756156, "gradient_norm": 0.15240350365638733, "learning_rate": 0.0001, "seconds": 3.0439560590000383, "elapsed_training_seconds": 287.39854403000004}
{"update": 95, "examples_seen": 760, "supervised_tokens": 1094, "loss": 0.0011501728645839648, "gradient_norm": 0.14899718761444092, "learning_rate": 0.0001, "seconds": 2.9962795659998847, "elapsed_training_seconds": 290.39674152099997}
{"update": 96, "examples_seen": 768, "supervised_tokens": 1337, "loss": 5.789868026795375e-06, "gradient_norm": 0.00024005910381674767, "learning_rate": 0.0001, "seconds": 3.1760309829999187, "elapsed_training_seconds": 293.5747699799999}
{"update": 97, "examples_seen": 776, "supervised_tokens": 1522, "loss": 3.2382822041654435e-06, "gradient_norm": 8.903967682272196e-05, "learning_rate": 0.0001, "seconds": 3.095482992999905, "elapsed_training_seconds": 296.67169917599995}
{"update": 98, "examples_seen": 784, "supervised_tokens": 1363, "loss": 0.00018552181222730724, "gradient_norm": 0.014983827248215675, "learning_rate": 0.0001, "seconds": 3.071560673000022, "elapsed_training_seconds": 299.744878365}
{"update": 99, "examples_seen": 792, "supervised_tokens": 1294, "loss": 0.0004623585762146831, "gradient_norm": 0.055859945714473724, "learning_rate": 0.0001, "seconds": 3.1638629779999974, "elapsed_training_seconds": 302.910180977}
{"update": 100, "examples_seen": 800, "supervised_tokens": 1215, "loss": 0.0014270908127400617, "gradient_norm": 0.09919111430644989, "learning_rate": 0.0001, "seconds": 2.7973452989999714, "elapsed_training_seconds": 305.709173536}
{"update": 101, "examples_seen": 808, "supervised_tokens": 1321, "loss": 0.0017400453286882112, "gradient_norm": 0.25663310289382935, "learning_rate": 0.0001, "seconds": 3.003556654000022, "elapsed_training_seconds": 308.714404889}
{"update": 102, "examples_seen": 816, "supervised_tokens": 1508, "loss": 1.563032765261596e-05, "gradient_norm": 0.0026622486766427755, "learning_rate": 0.0001, "seconds": 2.9580056199999945, "elapsed_training_seconds": 311.67388239499996}
{"update": 103, "examples_seen": 824, "supervised_tokens": 1399, "loss": 3.377700977580389e-06, "gradient_norm": 5.115695603308268e-05, "learning_rate": 0.0001, "seconds": 3.040497847999859, "elapsed_training_seconds": 314.715851208}
{"update": 104, "examples_seen": 832, "supervised_tokens": 1405, "loss": 6.032864575900021e-06, "gradient_norm": 0.00016680503904353827, "learning_rate": 0.0001, "seconds": 3.169949975999998, "elapsed_training_seconds": 317.88727181900003}
{"update": 105, "examples_seen": 840, "supervised_tokens": 1306, "loss": 3.7516257975767076e-06, "gradient_norm": 6.291173485806212e-05, "learning_rate": 0.0001, "seconds": 3.049252284999966, "elapsed_training_seconds": 320.938148682}
{"update": 106, "examples_seen": 848, "supervised_tokens": 1322, "loss": 1.749785525362313e-05, "gradient_norm": 0.001079572830349207, "learning_rate": 0.0001, "seconds": 3.044482589999916, "elapsed_training_seconds": 323.9842660510001}
{"update": 107, "examples_seen": 856, "supervised_tokens": 1362, "loss": 8.28015095066803e-06, "gradient_norm": 0.0002580237342044711, "learning_rate": 0.0001, "seconds": 3.143852000999914, "elapsed_training_seconds": 327.12963556900013}
{"update": 108, "examples_seen": 864, "supervised_tokens": 1298, "loss": 1.660561383687309e-05, "gradient_norm": 0.0006190694402903318, "learning_rate": 0.0001, "seconds": 3.045584815999973, "elapsed_training_seconds": 330.17713864100006}
{"update": 109, "examples_seen": 872, "supervised_tokens": 1477, "loss": 0.004755882790391297, "gradient_norm": 0.18253780901432037, "learning_rate": 0.0001, "seconds": 3.078905835999876, "elapsed_training_seconds": 333.25768498699995}
{"update": 110, "examples_seen": 880, "supervised_tokens": 1410, "loss": 6.594930175651825e-05, "gradient_norm": 0.013019607402384281, "learning_rate": 0.0001, "seconds": 3.183825848999959, "elapsed_training_seconds": 336.4430808930001}
{"update": 111, "examples_seen": 888, "supervised_tokens": 1369, "loss": 8.430679258708551e-06, "gradient_norm": 0.00016330696234945208, "learning_rate": 0.0001, "seconds": 3.0374455709998074, "elapsed_training_seconds": 339.48216866300004}
{"update": 112, "examples_seen": 896, "supervised_tokens": 1486, "loss": 8.818677201816172e-06, "gradient_norm": 0.00026517841615714133, "learning_rate": 0.0001, "seconds": 3.0717058719999386, "elapsed_training_seconds": 342.55537429100013}
{"update": 113, "examples_seen": 904, "supervised_tokens": 1364, "loss": 1.6001816675270675e-05, "gradient_norm": 0.0003616531612351537, "learning_rate": 0.0001, "seconds": 3.175398137000002, "elapsed_training_seconds": 345.73231657600013}
{"update": 114, "examples_seen": 912, "supervised_tokens": 1407, "loss": 1.4734270962435403e-05, "gradient_norm": 0.00039493144140578806, "learning_rate": 0.0001, "seconds": 3.0838511229999312, "elapsed_training_seconds": 348.81800359299996}
{"update": 115, "examples_seen": 920, "supervised_tokens": 1267, "loss": 8.266316967819876e-06, "gradient_norm": 0.00014045498392079026, "learning_rate": 0.0001, "seconds": 3.1867666099999497, "elapsed_training_seconds": 352.0066859589999}
{"update": 116, "examples_seen": 928, "supervised_tokens": 1308, "loss": 9.684752797056717e-06, "gradient_norm": 0.00021409591136034578, "learning_rate": 0.0001, "seconds": 3.0720902809998734, "elapsed_training_seconds": 355.0804815409999}
{"update": 117, "examples_seen": 936, "supervised_tokens": 1331, "loss": 5.742652660956082e-06, "gradient_norm": 9.23370462260209e-05, "learning_rate": 0.0001, "seconds": 3.0630084739998438, "elapsed_training_seconds": 358.144938099}
{"update": 118, "examples_seen": 944, "supervised_tokens": 1352, "loss": 2.511642344416032e-05, "gradient_norm": 0.001068039913661778, "learning_rate": 0.0001, "seconds": 3.1429297089998727, "elapsed_training_seconds": 361.2894611070001}
{"update": 119, "examples_seen": 952, "supervised_tokens": 1443, "loss": 1.2175463666608266e-05, "gradient_norm": 0.00027407327434048057, "learning_rate": 0.0001, "seconds": 3.038412504000007, "elapsed_training_seconds": 364.3294057180001}
{"update": 120, "examples_seen": 960, "supervised_tokens": 1286, "loss": 1.2490687026911473e-05, "gradient_norm": 0.00035993504570797086, "learning_rate": 0.0001, "seconds": 3.021031498999946, "elapsed_training_seconds": 367.351903771}
{"update": 121, "examples_seen": 968, "supervised_tokens": 1259, "loss": 1.0442349889672187e-05, "gradient_norm": 0.0001974020997295156, "learning_rate": 0.0001, "seconds": 3.153354439000168, "elapsed_training_seconds": 370.50688850899996}
{"update": 122, "examples_seen": 976, "supervised_tokens": 1242, "loss": 2.2770523855797364e-05, "gradient_norm": 0.0008080816478468478, "learning_rate": 0.0001, "seconds": 3.0410307170000124, "elapsed_training_seconds": 373.54944355299995}
{"update": 123, "examples_seen": 984, "supervised_tokens": 1401, "loss": 2.431596794849611e-05, "gradient_norm": 0.0007353481487371027, "learning_rate": 0.0001, "seconds": 3.0569715289998385, "elapsed_training_seconds": 376.608043791}
{"update": 124, "examples_seen": 992, "supervised_tokens": 1293, "loss": 0.0002102013197600172, "gradient_norm": 0.015720687806606293, "learning_rate": 0.0001, "seconds": 3.1716947889999574, "elapsed_training_seconds": 379.78123408500005}
{"update": 125, "examples_seen": 1000, "supervised_tokens": 1437, "loss": 2.540150467211788e-05, "gradient_norm": 0.0009040421573445201, "learning_rate": 0.0001, "seconds": 3.0861296079999647, "elapsed_training_seconds": 382.8689165200001}
Exactly 125 updates complete; terminal adapter saved.
