Loading checkpoint shards:   0%|          | 0/3 [00:00<?, ?it/s]Loading checkpoint shards:  33%|███▎      | 1/3 [00:00<00:01,  1.56it/s]Loading checkpoint shards:  67%|██████▋   | 2/3 [00:01<00:00,  1.59it/s]Loading checkpoint shards: 100%|██████████| 3/3 [00:01<00:00,  2.34it/s]
{"update": 1, "examples_seen": 8, "supervised_tokens": 1611, "loss": 0.005251444148598239, "gradient_norm": 0.11554897576570511, "learning_rate": 2e-05, "seconds": 3.777880046999826, "elapsed_training_seconds": 3.7779644290001215}
{"update": 2, "examples_seen": 16, "supervised_tokens": 1392, "loss": 0.0050879404006991535, "gradient_norm": 0.5816036462783813, "learning_rate": 4e-05, "seconds": 3.061732119999988, "elapsed_training_seconds": 6.841783089000046}
{"update": 3, "examples_seen": 24, "supervised_tokens": 1552, "loss": 0.001631378297588526, "gradient_norm": 0.09817849099636078, "learning_rate": 6e-05, "seconds": 3.2484383969999726, "elapsed_training_seconds": 10.091755583000122}
{"update": 4, "examples_seen": 32, "supervised_tokens": 1616, "loss": 0.0029381132044363767, "gradient_norm": 0.10460759699344635, "learning_rate": 8e-05, "seconds": 3.1119936640000105, "elapsed_training_seconds": 13.205313456000113}
{"update": 5, "examples_seen": 40, "supervised_tokens": 1426, "loss": 0.00010490524846318294, "gradient_norm": 0.004722062963992357, "learning_rate": 0.0001, "seconds": 3.0174304360000406, "elapsed_training_seconds": 16.22451765400001}
{"update": 6, "examples_seen": 48, "supervised_tokens": 1553, "loss": 0.00035717295781978464, "gradient_norm": 0.016045838594436646, "learning_rate": 0.0001, "seconds": 3.1952923620001457, "elapsed_training_seconds": 19.42120227999999}
{"update": 7, "examples_seen": 56, "supervised_tokens": 1551, "loss": 0.00010687129588404787, "gradient_norm": 0.004396445583552122, "learning_rate": 0.0001, "seconds": 3.0998974039998757, "elapsed_training_seconds": 22.522569581000198}
{"update": 8, "examples_seen": 64, "supervised_tokens": 1516, "loss": 7.167926287365844e-05, "gradient_norm": 0.002106146886944771, "learning_rate": 0.0001, "seconds": 3.047287073000007, "elapsed_training_seconds": 25.571498923000036}
{"update": 9, "examples_seen": 72, "supervised_tokens": 1435, "loss": 4.231690172673552e-05, "gradient_norm": 0.0012022174196317792, "learning_rate": 0.0001, "seconds": 3.211665124999854, "elapsed_training_seconds": 28.784623563000196}
{"update": 10, "examples_seen": 80, "supervised_tokens": 1338, "loss": 0.007798176473897911, "gradient_norm": 0.26259180903434753, "learning_rate": 0.0001, "seconds": 3.0356808639999144, "elapsed_training_seconds": 31.82235176800009}
{"update": 11, "examples_seen": 88, "supervised_tokens": 1486, "loss": 0.0011936572700506076, "gradient_norm": 0.062188949435949326, "learning_rate": 0.0001, "seconds": 3.2036682640000436, "elapsed_training_seconds": 35.02743677500007}
{"update": 12, "examples_seen": 96, "supervised_tokens": 1579, "loss": 0.00014342467011374538, "gradient_norm": 0.00976081658154726, "learning_rate": 0.0001, "seconds": 3.088745108000012, "elapsed_training_seconds": 38.1178435920001}
{"update": 13, "examples_seen": 104, "supervised_tokens": 1391, "loss": 4.529382295004325e-05, "gradient_norm": 0.0017590665956959128, "learning_rate": 0.0001, "seconds": 2.806266413000003, "elapsed_training_seconds": 40.925699802000054}
{"update": 14, "examples_seen": 112, "supervised_tokens": 1623, "loss": 1.6850731071826885e-05, "gradient_norm": 0.0005174293764866889, "learning_rate": 0.0001, "seconds": 3.2228349829999843, "elapsed_training_seconds": 44.14995122000005}
{"update": 15, "examples_seen": 120, "supervised_tokens": 1239, "loss": 0.004169578446067135, "gradient_norm": 0.48426321148872375, "learning_rate": 0.0001, "seconds": 2.7822621569998773, "elapsed_training_seconds": 46.93360416900009}
{"update": 16, "examples_seen": 128, "supervised_tokens": 1544, "loss": 2.7294685423839837e-05, "gradient_norm": 0.0007923581870272756, "learning_rate": 0.0001, "seconds": 3.1056573930000013, "elapsed_training_seconds": 50.04107193499999}
{"update": 17, "examples_seen": 136, "supervised_tokens": 1687, "loss": 5.3744707201985875e-05, "gradient_norm": 0.003101160516962409, "learning_rate": 0.0001, "seconds": 3.263115910999886, "elapsed_training_seconds": 53.30562606900003}
{"update": 18, "examples_seen": 144, "supervised_tokens": 1386, "loss": 0.0004570374721879489, "gradient_norm": 0.058388929814100266, "learning_rate": 0.0001, "seconds": 3.100455468999826, "elapsed_training_seconds": 56.407584824000196}
{"update": 19, "examples_seen": 152, "supervised_tokens": 1548, "loss": 0.00011795113596235751, "gradient_norm": 0.06621705740690231, "learning_rate": 0.0001, "seconds": 3.1053380549999474, "elapsed_training_seconds": 59.514458715000046}
{"update": 20, "examples_seen": 160, "supervised_tokens": 1134, "loss": 3.48112025676528e-05, "gradient_norm": 0.0009272954193875194, "learning_rate": 0.0001, "seconds": 3.1592549879999297, "elapsed_training_seconds": 62.67535483300003}
{"update": 21, "examples_seen": 168, "supervised_tokens": 1510, "loss": 5.9387182318459963e-05, "gradient_norm": 0.0031690760515630245, "learning_rate": 0.0001, "seconds": 3.117202439000039, "elapsed_training_seconds": 65.793912395}
{"update": 22, "examples_seen": 176, "supervised_tokens": 1326, "loss": 2.76723553724878e-05, "gradient_norm": 0.0007636620430275798, "learning_rate": 0.0001, "seconds": 2.959689161000142, "elapsed_training_seconds": 68.75526172700006}
{"update": 23, "examples_seen": 184, "supervised_tokens": 1319, "loss": 0.001101626123272581, "gradient_norm": 0.2568478286266327, "learning_rate": 0.0001, "seconds": 2.9953925669999535, "elapsed_training_seconds": 71.75245428800008}
{"update": 24, "examples_seen": 192, "supervised_tokens": 1439, "loss": 0.001786813114904362, "gradient_norm": 0.09743683785200119, "learning_rate": 0.0001, "seconds": 2.8301737140000114, "elapsed_training_seconds": 74.58410543800005}
{"update": 25, "examples_seen": 200, "supervised_tokens": 1548, "loss": 0.0001801294138203957, "gradient_norm": 0.014854412525892258, "learning_rate": 0.0001, "seconds": 3.239103392000061, "elapsed_training_seconds": 77.82463491600015}
{"update": 26, "examples_seen": 208, "supervised_tokens": 1466, "loss": 3.334838675073115e-05, "gradient_norm": 0.0011630457593128085, "learning_rate": 0.0001, "seconds": 3.0607807359999697, "elapsed_training_seconds": 80.8869102980002}
{"update": 27, "examples_seen": 216, "supervised_tokens": 1471, "loss": 5.34595237695612e-05, "gradient_norm": 0.005809553898870945, "learning_rate": 0.0001, "seconds": 3.119988385999932, "elapsed_training_seconds": 84.00846427300007}
{"update": 28, "examples_seen": 224, "supervised_tokens": 1362, "loss": 0.0012471147219912382, "gradient_norm": 0.09024043381214142, "learning_rate": 0.0001, "seconds": 3.187634899999921, "elapsed_training_seconds": 87.197887305}
{"update": 29, "examples_seen": 232, "supervised_tokens": 1557, "loss": 2.847795940397191e-05, "gradient_norm": 0.0006117785233072937, "learning_rate": 0.0001, "seconds": 3.115227222000158, "elapsed_training_seconds": 90.315051735}
{"update": 30, "examples_seen": 240, "supervised_tokens": 1184, "loss": 3.987533500549034e-05, "gradient_norm": 0.0010010935366153717, "learning_rate": 0.0001, "seconds": 3.201599064999982, "elapsed_training_seconds": 93.5181003040002}
{"update": 31, "examples_seen": 248, "supervised_tokens": 1289, "loss": 4.123673647882242e-05, "gradient_norm": 0.0017135986126959324, "learning_rate": 0.0001, "seconds": 3.0442250999999487, "elapsed_training_seconds": 96.56371595600012}
{"update": 32, "examples_seen": 256, "supervised_tokens": 996, "loss": 5.461846353682631e-05, "gradient_norm": 0.002394845010712743, "learning_rate": 0.0001, "seconds": 2.77527934800014, "elapsed_training_seconds": 99.34061361300019}
{"update": 33, "examples_seen": 264, "supervised_tokens": 1521, "loss": 7.197388845270325e-05, "gradient_norm": 0.002058480167761445, "learning_rate": 0.0001, "seconds": 3.217921054000044, "elapsed_training_seconds": 102.559941192}
{"update": 34, "examples_seen": 272, "supervised_tokens": 1584, "loss": 0.0001291307444262202, "gradient_norm": 0.00490708788856864, "learning_rate": 0.0001, "seconds": 3.1129556180001146, "elapsed_training_seconds": 105.67449044900013}
{"update": 35, "examples_seen": 280, "supervised_tokens": 1617, "loss": 0.0002193592581534176, "gradient_norm": 0.007134473416954279, "learning_rate": 0.0001, "seconds": 3.19659664400001, "elapsed_training_seconds": 108.87274784300007}
{"update": 36, "examples_seen": 288, "supervised_tokens": 1580, "loss": 0.0003696106869028881, "gradient_norm": 0.03261924535036087, "learning_rate": 0.0001, "seconds": 3.1459369680001146, "elapsed_training_seconds": 112.02022874800014}
{"update": 37, "examples_seen": 296, "supervised_tokens": 1314, "loss": 6.442116091420758e-05, "gradient_norm": 0.00297903991304338, "learning_rate": 0.0001, "seconds": 2.8080220029999055, "elapsed_training_seconds": 114.82960112500018}
{"update": 38, "examples_seen": 304, "supervised_tokens": 1579, "loss": 0.00018217085516880616, "gradient_norm": 0.01025212462991476, "learning_rate": 0.0001, "seconds": 3.2561552019999453, "elapsed_training_seconds": 118.08768808400009}
{"update": 39, "examples_seen": 312, "supervised_tokens": 1203, "loss": 3.390832398508792e-05, "gradient_norm": 0.0007360355230048299, "learning_rate": 0.0001, "seconds": 2.8044564179999725, "elapsed_training_seconds": 120.89359060700008}
{"update": 40, "examples_seen": 320, "supervised_tokens": 1581, "loss": 4.355914575171482e-05, "gradient_norm": 0.0041061039082705975, "learning_rate": 0.0001, "seconds": 3.0946483390000594, "elapsed_training_seconds": 123.98977079300016}
{"update": 41, "examples_seen": 328, "supervised_tokens": 1536, "loss": 0.0002890703294724517, "gradient_norm": 0.03216485679149628, "learning_rate": 0.0001, "seconds": 3.2674331240000356, "elapsed_training_seconds": 127.25882994400013}
{"update": 42, "examples_seen": 336, "supervised_tokens": 1542, "loss": 2.174510291297338e-05, "gradient_norm": 0.0005034534260630608, "learning_rate": 0.0001, "seconds": 3.143609172999959, "elapsed_training_seconds": 130.40381308100018}
{"update": 43, "examples_seen": 344, "supervised_tokens": 1473, "loss": 2.689356961127487e-05, "gradient_norm": 0.0007091685547493398, "learning_rate": 0.0001, "seconds": 3.188038378000101, "elapsed_training_seconds": 133.5933038940002}
{"update": 44, "examples_seen": 352, "supervised_tokens": 1499, "loss": 0.00041939255879697157, "gradient_norm": 0.012459971942007542, "learning_rate": 0.0001, "seconds": 3.0813629700001, "elapsed_training_seconds": 136.676167761}
{"update": 45, "examples_seen": 360, "supervised_tokens": 1441, "loss": 2.4862871782715956e-05, "gradient_norm": 0.000780878122895956, "learning_rate": 0.0001, "seconds": 3.108957781000072, "elapsed_training_seconds": 139.78643196400003}
{"update": 46, "examples_seen": 368, "supervised_tokens": 1684, "loss": 2.9836761996193673e-05, "gradient_norm": 0.002024365123361349, "learning_rate": 0.0001, "seconds": 3.2719562419999875, "elapsed_training_seconds": 143.0599791740001}
{"update": 47, "examples_seen": 376, "supervised_tokens": 1547, "loss": 1.5276493513738387e-05, "gradient_norm": 0.0005418774671852589, "learning_rate": 0.0001, "seconds": 3.141684767000015, "elapsed_training_seconds": 146.203134116}
{"update": 48, "examples_seen": 384, "supervised_tokens": 1542, "loss": 1.7512502154204412e-05, "gradient_norm": 0.0003603641816880554, "learning_rate": 0.0001, "seconds": 3.147818273999974, "elapsed_training_seconds": 149.35298033900017}
{"update": 49, "examples_seen": 392, "supervised_tokens": 1465, "loss": 1.737591242090275e-05, "gradient_norm": 0.000651012931484729, "learning_rate": 0.0001, "seconds": 3.2954412260000936, "elapsed_training_seconds": 152.64988760000006}
{"update": 50, "examples_seen": 400, "supervised_tokens": 1325, "loss": 1.6088379197753966e-05, "gradient_norm": 0.001073503983207047, "learning_rate": 0.0001, "seconds": 2.8719453769999745, "elapsed_training_seconds": 155.523531457}
{"update": 51, "examples_seen": 408, "supervised_tokens": 1499, "loss": 2.16920573166135e-05, "gradient_norm": 0.00043633682071231306, "learning_rate": 0.0001, "seconds": 2.9669244540000363, "elapsed_training_seconds": 158.49189168600014}
{"update": 52, "examples_seen": 416, "supervised_tokens": 1208, "loss": 1.91404694760422e-05, "gradient_norm": 0.00041818394674919546, "learning_rate": 0.0001, "seconds": 2.8363246339999932, "elapsed_training_seconds": 161.3296264930002}
{"update": 53, "examples_seen": 424, "supervised_tokens": 1542, "loss": 0.0001430369995887304, "gradient_norm": 0.020078064873814583, "learning_rate": 0.0001, "seconds": 3.066879262999919, "elapsed_training_seconds": 164.39829119900014}
{"update": 54, "examples_seen": 432, "supervised_tokens": 1221, "loss": 4.753896109832567e-05, "gradient_norm": 0.002502292627468705, "learning_rate": 0.0001, "seconds": 3.1724325940001563, "elapsed_training_seconds": 167.57223417900013}
{"update": 55, "examples_seen": 440, "supervised_tokens": 1250, "loss": 3.827586772331415e-05, "gradient_norm": 0.0020934853237122297, "learning_rate": 0.0001, "seconds": 3.076856551999981, "elapsed_training_seconds": 170.6506688490001}
{"update": 56, "examples_seen": 448, "supervised_tokens": 1612, "loss": 1.4530319276673254e-05, "gradient_norm": 0.0004238522669766098, "learning_rate": 0.0001, "seconds": 3.1278726259999985, "elapsed_training_seconds": 173.78150548600001}
{"update": 57, "examples_seen": 456, "supervised_tokens": 1648, "loss": 1.1828972219518619e-05, "gradient_norm": 0.00020993863290641457, "learning_rate": 0.0001, "seconds": 3.290460766000024, "elapsed_training_seconds": 177.07373947400015}
{"update": 58, "examples_seen": 464, "supervised_tokens": 1512, "loss": 1.5039232494018506e-05, "gradient_norm": 0.0005888636806048453, "learning_rate": 0.0001, "seconds": 3.0623479539999607, "elapsed_training_seconds": 180.13781297000014}
{"update": 59, "examples_seen": 472, "supervised_tokens": 1690, "loss": 0.0001960738663910888, "gradient_norm": 0.011379093863070011, "learning_rate": 0.0001, "seconds": 3.181516123999927, "elapsed_training_seconds": 183.3209460610001}
{"update": 60, "examples_seen": 480, "supervised_tokens": 1433, "loss": 1.1391712632757844e-05, "gradient_norm": 0.00038898532511666417, "learning_rate": 0.0001, "seconds": 3.176407769999969, "elapsed_training_seconds": 186.49902011100016}
{"update": 61, "examples_seen": 488, "supervised_tokens": 1533, "loss": 5.3638762665286777e-05, "gradient_norm": 0.00331664877012372, "learning_rate": 0.0001, "seconds": 3.0629894789999526, "elapsed_training_seconds": 189.56356755800016}
{"update": 62, "examples_seen": 496, "supervised_tokens": 1404, "loss": 4.021525501229917e-05, "gradient_norm": 0.00428619934245944, "learning_rate": 0.0001, "seconds": 3.246469339999976, "elapsed_training_seconds": 192.8117802600002}
{"update": 63, "examples_seen": 504, "supervised_tokens": 1582, "loss": 4.4938544306205586e-05, "gradient_norm": 0.0038285546470433474, "learning_rate": 0.0001, "seconds": 3.1072233400000187, "elapsed_training_seconds": 195.92071209200003}
{"update": 64, "examples_seen": 512, "supervised_tokens": 1190, "loss": 7.598247634632571e-06, "gradient_norm": 0.00011347349936841056, "learning_rate": 0.0001, "seconds": 2.8114005150000594, "elapsed_training_seconds": 198.7334979000002}
{"update": 65, "examples_seen": 520, "supervised_tokens": 1305, "loss": 1.0217645126431307e-05, "gradient_norm": 0.00021046375331934541, "learning_rate": 0.0001, "seconds": 2.9584585229999902, "elapsed_training_seconds": 201.69357649000017}
{"update": 66, "examples_seen": 528, "supervised_tokens": 1478, "loss": 0.0006441583745981916, "gradient_norm": 0.07302489131689072, "learning_rate": 0.0001, "seconds": 3.034633829000086, "elapsed_training_seconds": 204.72970517500016}
{"update": 67, "examples_seen": 536, "supervised_tokens": 1504, "loss": 1.0757819723039574e-05, "gradient_norm": 0.00035586481681093574, "learning_rate": 0.0001, "seconds": 3.0982740970000577, "elapsed_training_seconds": 207.82948474800014}
{"update": 68, "examples_seen": 544, "supervised_tokens": 1371, "loss": 2.3604259695275687e-05, "gradient_norm": 0.0021917347330600023, "learning_rate": 0.0001, "seconds": 3.238802504999967, "elapsed_training_seconds": 211.06994644400015}
{"update": 69, "examples_seen": 552, "supervised_tokens": 1477, "loss": 1.2913239174849878e-05, "gradient_norm": 0.0003114044957328588, "learning_rate": 0.0001, "seconds": 3.1250226870001825, "elapsed_training_seconds": 214.19677214400008}
{"update": 70, "examples_seen": 560, "supervised_tokens": 1317, "loss": 8.967797953118861e-06, "gradient_norm": 0.00020552551723085344, "learning_rate": 0.0001, "seconds": 2.815929783999991, "elapsed_training_seconds": 217.014293425}
{"update": 71, "examples_seen": 568, "supervised_tokens": 1504, "loss": 0.0004929954401404757, "gradient_norm": 0.11628584563732147, "learning_rate": 0.0001, "seconds": 3.2193853000001127, "elapsed_training_seconds": 220.2351596110002}
{"update": 72, "examples_seen": 576, "supervised_tokens": 1264, "loss": 5.972734584247519e-06, "gradient_norm": 7.978849316714332e-05, "learning_rate": 0.0001, "seconds": 2.8291675400000713, "elapsed_training_seconds": 223.06575259700003}
{"update": 73, "examples_seen": 584, "supervised_tokens": 1234, "loss": 6.006991725371336e-06, "gradient_norm": 0.00014067751180846244, "learning_rate": 0.0001, "seconds": 2.8926724139998896, "elapsed_training_seconds": 225.96196945600013}
{"update": 74, "examples_seen": 592, "supervised_tokens": 1519, "loss": 8.493829341205128e-06, "gradient_norm": 0.0001691598881734535, "learning_rate": 0.0001, "seconds": 3.1155010789998414, "elapsed_training_seconds": 229.0787494860001}
{"update": 75, "examples_seen": 600, "supervised_tokens": 1541, "loss": 1.0083914958158857e-05, "gradient_norm": 0.00028624353581108153, "learning_rate": 0.0001, "seconds": 3.075085448999971, "elapsed_training_seconds": 232.1553074410001}
{"update": 76, "examples_seen": 608, "supervised_tokens": 1438, "loss": 6.378595230671635e-06, "gradient_norm": 0.00013174550258554518, "learning_rate": 0.0001, "seconds": 3.209073424000053, "elapsed_training_seconds": 235.36576676800019}
{"update": 77, "examples_seen": 616, "supervised_tokens": 1547, "loss": 3.693954414529799e-05, "gradient_norm": 0.008862500078976154, "learning_rate": 0.0001, "seconds": 3.0940079429999514, "elapsed_training_seconds": 238.46133788800012}
{"update": 78, "examples_seen": 624, "supervised_tokens": 1592, "loss": 0.0032286973528243834, "gradient_norm": 0.06610193848609924, "learning_rate": 0.0001, "seconds": 3.0822653319999063, "elapsed_training_seconds": 241.54584897400014}
{"update": 79, "examples_seen": 632, "supervised_tokens": 1312, "loss": 1.7725614384289656e-05, "gradient_norm": 0.0007071400759741664, "learning_rate": 0.0001, "seconds": 3.1952257239997834, "elapsed_training_seconds": 244.74273844800018}
{"update": 80, "examples_seen": 640, "supervised_tokens": 1546, "loss": 0.00030498916453325364, "gradient_norm": 0.034667063504457474, "learning_rate": 0.0001, "seconds": 3.076096966000023, "elapsed_training_seconds": 247.820570525}
{"update": 81, "examples_seen": 648, "supervised_tokens": 1438, "loss": 7.87820569030373e-05, "gradient_norm": 0.006422251928597689, "learning_rate": 0.0001, "seconds": 3.046464066999988, "elapsed_training_seconds": 250.8688636060001}
{"update": 82, "examples_seen": 656, "supervised_tokens": 1327, "loss": 2.5476823395820247e-05, "gradient_norm": 0.004371990915387869, "learning_rate": 0.0001, "seconds": 2.9645256549999885, "elapsed_training_seconds": 253.8351927650001}
{"update": 83, "examples_seen": 664, "supervised_tokens": 1597, "loss": 7.232752295749378e-06, "gradient_norm": 0.00010115314944414422, "learning_rate": 0.0001, "seconds": 3.0964902150001308, "elapsed_training_seconds": 256.93310414300004}
{"update": 84, "examples_seen": 672, "supervised_tokens": 1500, "loss": 1.1600798586641758e-05, "gradient_norm": 0.00048242518096230924, "learning_rate": 0.0001, "seconds": 3.191894689000037, "elapsed_training_seconds": 260.126403686}
{"update": 85, "examples_seen": 680, "supervised_tokens": 1473, "loss": 0.00029753737305782124, "gradient_norm": 0.0428839735686779, "learning_rate": 0.0001, "seconds": 3.115893690000121, "elapsed_training_seconds": 263.24374592000004}
{"update": 86, "examples_seen": 688, "supervised_tokens": 1699, "loss": 1.4746537090104539e-05, "gradient_norm": 0.00043508887756615877, "learning_rate": 0.0001, "seconds": 3.153120761000082, "elapsed_training_seconds": 266.3986365820001}
{"update": 87, "examples_seen": 696, "supervised_tokens": 1651, "loss": 3.497002990116016e-05, "gradient_norm": 0.0022946891840547323, "learning_rate": 0.0001, "seconds": 3.2630437430000256, "elapsed_training_seconds": 269.66316974200004}
{"update": 88, "examples_seen": 704, "supervised_tokens": 1541, "loss": 1.0929947393378825e-05, "gradient_norm": 0.0008357343031093478, "learning_rate": 0.0001, "seconds": 3.1218759930000033, "elapsed_training_seconds": 272.78651804900005}
{"update": 89, "examples_seen": 712, "supervised_tokens": 1587, "loss": 4.853440827901068e-06, "gradient_norm": 6.453766400227323e-05, "learning_rate": 0.0001, "seconds": 3.1042860620000283, "elapsed_training_seconds": 275.8922028840002}
{"update": 90, "examples_seen": 720, "supervised_tokens": 1554, "loss": 8.740001817386656e-06, "gradient_norm": 0.00016044534277170897, "learning_rate": 0.0001, "seconds": 3.236675740999999, "elapsed_training_seconds": 279.13032667000016}
{"update": 91, "examples_seen": 728, "supervised_tokens": 1512, "loss": 6.756563834642293e-06, "gradient_norm": 0.00010327252675779164, "learning_rate": 0.0001, "seconds": 3.101636937999956, "elapsed_training_seconds": 282.23379583200017}
{"update": 92, "examples_seen": 736, "supervised_tokens": 1395, "loss": 1.6380194210796617e-05, "gradient_norm": 0.0011273465352132916, "learning_rate": 0.0001, "seconds": 3.098457131000032, "elapsed_training_seconds": 285.3336721180001}
{"update": 93, "examples_seen": 744, "supervised_tokens": 1516, "loss": 1.6425354147031612e-05, "gradient_norm": 0.0005099160480313003, "learning_rate": 0.0001, "seconds": 3.2437632010000925, "elapsed_training_seconds": 288.57886157300004}
{"update": 94, "examples_seen": 752, "supervised_tokens": 1478, "loss": 7.02750821801601e-06, "gradient_norm": 0.00011570721108000726, "learning_rate": 0.0001, "seconds": 3.0657070579998162, "elapsed_training_seconds": 291.6462252000001}
{"update": 95, "examples_seen": 760, "supervised_tokens": 1198, "loss": 1.6109556099763722e-05, "gradient_norm": 0.0004977759090252221, "learning_rate": 0.0001, "seconds": 3.1864169779998974, "elapsed_training_seconds": 294.8340809020001}
{"update": 96, "examples_seen": 768, "supervised_tokens": 1512, "loss": 7.680732437620463e-06, "gradient_norm": 0.00011331937275826931, "learning_rate": 0.0001, "seconds": 3.1016615480000382, "elapsed_training_seconds": 297.937271238}
{"update": 97, "examples_seen": 776, "supervised_tokens": 1627, "loss": 7.047723443065479e-06, "gradient_norm": 0.0003877678536809981, "learning_rate": 0.0001, "seconds": 3.1338948499999333, "elapsed_training_seconds": 301.0725084510002}
{"update": 98, "examples_seen": 784, "supervised_tokens": 1505, "loss": 1.1704770940923481e-05, "gradient_norm": 0.0002743832301348448, "learning_rate": 0.0001, "seconds": 3.2297528149999835, "elapsed_training_seconds": 304.3040791200001}
{"update": 99, "examples_seen": 792, "supervised_tokens": 1329, "loss": 1.4276727938522527e-05, "gradient_norm": 0.000563490204513073, "learning_rate": 0.0001, "seconds": 3.0704897220000475, "elapsed_training_seconds": 307.3760023870002}
{"update": 100, "examples_seen": 800, "supervised_tokens": 1355, "loss": 2.2337342670653015e-05, "gradient_norm": 0.0007210946059785783, "learning_rate": 0.0001, "seconds": 2.8786951800000224, "elapsed_training_seconds": 310.25631028500015}
{"update": 101, "examples_seen": 808, "supervised_tokens": 1461, "loss": 0.0014803727165144664, "gradient_norm": 0.06612998247146606, "learning_rate": 0.0001, "seconds": 3.193442786000105, "elapsed_training_seconds": 313.4511044330002}
{"update": 102, "examples_seen": 816, "supervised_tokens": 1613, "loss": 5.3621542861037597e-05, "gradient_norm": 0.014109003357589245, "learning_rate": 0.0001, "seconds": 2.8801869440001155, "elapsed_training_seconds": 316.332796465}
{"update": 103, "examples_seen": 824, "supervised_tokens": 1469, "loss": 9.90026819636114e-06, "gradient_norm": 0.00025656368234194815, "learning_rate": 0.0001, "seconds": 3.083535883999957, "elapsed_training_seconds": 319.4176448110002}
{"update": 104, "examples_seen": 832, "supervised_tokens": 1580, "loss": 0.0007475289608009916, "gradient_norm": 0.07897713780403137, "learning_rate": 0.0001, "seconds": 3.281922345000112, "elapsed_training_seconds": 322.7012066650002}
{"update": 105, "examples_seen": 840, "supervised_tokens": 1447, "loss": 9.935847401720821e-06, "gradient_norm": 0.00023231114028021693, "learning_rate": 0.0001, "seconds": 3.1316336760000922, "elapsed_training_seconds": 325.8348672490001}
{"update": 106, "examples_seen": 848, "supervised_tokens": 1357, "loss": 4.879465404883376e-05, "gradient_norm": 0.0035082607064396143, "learning_rate": 0.0001, "seconds": 3.193842186999973, "elapsed_training_seconds": 329.0302049910001}
{"update": 107, "examples_seen": 856, "supervised_tokens": 1466, "loss": 1.1291141731817333e-05, "gradient_norm": 0.00043587959953583777, "learning_rate": 0.0001, "seconds": 3.0932174449999366, "elapsed_training_seconds": 332.1256721720001}
{"update": 108, "examples_seen": 864, "supervised_tokens": 1367, "loss": 4.417444733917364e-05, "gradient_norm": 0.0035272303503006697, "learning_rate": 0.0001, "seconds": 3.0604799630000343, "elapsed_training_seconds": 335.18775862200005}
{"update": 109, "examples_seen": 872, "supervised_tokens": 1582, "loss": 1.6098787341434218e-05, "gradient_norm": 0.0007580828387290239, "learning_rate": 0.0001, "seconds": 3.237331966999818, "elapsed_training_seconds": 338.4268580130001}
{"update": 110, "examples_seen": 880, "supervised_tokens": 1480, "loss": 1.2655923342208553e-05, "gradient_norm": 0.001202859915792942, "learning_rate": 0.0001, "seconds": 3.1287941279999814, "elapsed_training_seconds": 341.5570355030002}
{"update": 111, "examples_seen": 888, "supervised_tokens": 1509, "loss": 1.0529266319281305e-05, "gradient_norm": 0.00020121205307077616, "learning_rate": 0.0001, "seconds": 3.105548740999893, "elapsed_training_seconds": 344.6643151960002}
{"update": 112, "examples_seen": 896, "supervised_tokens": 1626, "loss": 4.042149328142841e-05, "gradient_norm": 0.005476910620927811, "learning_rate": 0.0001, "seconds": 3.2338074520000646, "elapsed_training_seconds": 347.89958498400006}
{"update": 113, "examples_seen": 904, "supervised_tokens": 1469, "loss": 0.00017817244884099637, "gradient_norm": 0.02001253515481949, "learning_rate": 0.0001, "seconds": 3.0719927580000785, "elapsed_training_seconds": 350.972835002}
{"update": 114, "examples_seen": 912, "supervised_tokens": 1548, "loss": 8.506619337822485e-06, "gradient_norm": 0.0001480573700973764, "learning_rate": 0.0001, "seconds": 3.1379586689999996, "elapsed_training_seconds": 354.1122551960002}
{"update": 115, "examples_seen": 920, "supervised_tokens": 1373, "loss": 2.680060219972802e-05, "gradient_norm": 0.002154566813260317, "learning_rate": 0.0001, "seconds": 3.215477021999959, "elapsed_training_seconds": 357.3292775350001}
{"update": 116, "examples_seen": 928, "supervised_tokens": 1378, "loss": 7.734356131550157e-06, "gradient_norm": 0.00014617960550822318, "learning_rate": 0.0001, "seconds": 3.0775331410000035, "elapsed_training_seconds": 360.40832382300005}
{"update": 117, "examples_seen": 936, "supervised_tokens": 1541, "loss": 9.506396054348443e-06, "gradient_norm": 0.0005103466683067381, "learning_rate": 0.0001, "seconds": 3.2142593050000414, "elapsed_training_seconds": 363.62405283400017}
{"update": 118, "examples_seen": 944, "supervised_tokens": 1492, "loss": 1.79361937853173e-05, "gradient_norm": 0.0005435071070678532, "learning_rate": 0.0001, "seconds": 3.0500263620001533, "elapsed_training_seconds": 366.675679963}
{"update": 119, "examples_seen": 952, "supervised_tokens": 1547, "loss": 0.00015909053945506457, "gradient_norm": 0.01182208489626646, "learning_rate": 0.0001, "seconds": 3.0833629120002115, "elapsed_training_seconds": 369.76081274700005}
{"update": 120, "examples_seen": 960, "supervised_tokens": 1426, "loss": 1.5891191196715226e-05, "gradient_norm": 0.0004820047761313617, "learning_rate": 0.0001, "seconds": 3.1714304789998096, "elapsed_training_seconds": 372.9336847500001}
{"update": 121, "examples_seen": 968, "supervised_tokens": 1363, "loss": 7.0376149778894614e-06, "gradient_norm": 0.00013055067392997444, "learning_rate": 0.0001, "seconds": 3.0679606310000054, "elapsed_training_seconds": 376.00328434000016}
{"update": 122, "examples_seen": 976, "supervised_tokens": 1348, "loss": 2.3437741219822783e-05, "gradient_norm": 0.0012153901625424623, "learning_rate": 0.0001, "seconds": 3.084822565999957, "elapsed_training_seconds": 379.08963218200006}
{"update": 123, "examples_seen": 984, "supervised_tokens": 1507, "loss": 9.386627539242909e-06, "gradient_norm": 0.00018163812637794763, "learning_rate": 0.0001, "seconds": 3.1781605109999873, "elapsed_training_seconds": 382.2692878990001}
{"update": 124, "examples_seen": 992, "supervised_tokens": 1363, "loss": 8.773512684001616e-05, "gradient_norm": 0.0063287620432674885, "learning_rate": 0.0001, "seconds": 3.0227408579999064, "elapsed_training_seconds": 385.29344474100026}
{"update": 125, "examples_seen": 1000, "supervised_tokens": 1576, "loss": 1.1742591823349358e-05, "gradient_norm": 0.0004124420811422169, "learning_rate": 0.0001, "seconds": 3.1127484349999577, "elapsed_training_seconds": 388.40816292399995}
Exactly 125 updates complete; terminal adapter saved.
